Component: ARM Compiler 5.06 update 7 (build 960) Tool: armlink [4d3601]

==============================================================================

Section Cross References

    startup_stm32f407xx.o(STACK) refers (Special) to heapauxi.o(.text) for __use_two_region_memory
    startup_stm32f407xx.o(HEAP) refers (Special) to heapauxi.o(.text) for __use_two_region_memory
    startup_stm32f407xx.o(RESET) refers (Special) to heapauxi.o(.text) for __use_two_region_memory
    startup_stm32f407xx.o(RESET) refers to startup_stm32f407xx.o(STACK) for __initial_sp
    startup_stm32f407xx.o(RESET) refers to startup_stm32f407xx.o(.text) for Reset_Handler
    startup_stm32f407xx.o(RESET) refers to stm32f4xx_it.o(i.NMI_Handler) for NMI_Handler
    startup_stm32f407xx.o(RESET) refers to stm32f4xx_it.o(i.HardFault_Handler) for HardFault_Handler
    startup_stm32f407xx.o(RESET) refers to stm32f4xx_it.o(i.MemManage_Handler) for MemManage_Handler
    startup_stm32f407xx.o(RESET) refers to stm32f4xx_it.o(i.BusFault_Handler) for BusFault_Handler
    startup_stm32f407xx.o(RESET) refers to stm32f4xx_it.o(i.UsageFault_Handler) for UsageFault_Handler
    startup_stm32f407xx.o(RESET) refers to stm32f4xx_it.o(i.SVC_Handler) for SVC_Handler
    startup_stm32f407xx.o(RESET) refers to stm32f4xx_it.o(i.DebugMon_Handler) for DebugMon_Handler
    startup_stm32f407xx.o(RESET) refers to stm32f4xx_it.o(i.PendSV_Handler) for PendSV_Handler
    startup_stm32f407xx.o(RESET) refers to stm32f4xx_it.o(i.SysTick_Handler) for SysTick_Handler
    startup_stm32f407xx.o(RESET) refers to stm32f4xx_it.o(i.CAN1_RX0_IRQHandler) for CAN1_RX0_IRQHandler
    startup_stm32f407xx.o(RESET) refers to stm32f4xx_it.o(i.OTG_FS_IRQHandler) for OTG_FS_IRQHandler
    startup_stm32f407xx.o(.text) refers (Special) to heapauxi.o(.text) for __use_two_region_memory
    startup_stm32f407xx.o(.text) refers to system_stm32f4xx.o(i.SystemInit) for SystemInit
    startup_stm32f407xx.o(.text) refers to __main.o(!!!main) for __main
    startup_stm32f407xx.o(.text) refers to startup_stm32f407xx.o(HEAP) for Heap_Mem
    startup_stm32f407xx.o(.text) refers to startup_stm32f407xx.o(STACK) for Stack_Mem
    pid.o(i.pid_CascadeCalc) refers to pid.o(i.pid_calc) for pid_calc
    main.o(i.CanTransfer) refers to rt_memcpy_v6.o(.text) for __aeabi_memcpy
    main.o(i.CanTransfer) refers to main.o(i.canCRC_ATM) for canCRC_ATM
    main.o(i.CanTransfer) refers to stm32f4xx_hal_can.o(i.HAL_CAN_AddTxMessage) for HAL_CAN_AddTxMessage
    main.o(i.CanTransfer) refers to main.o(.data) for .data
    main.o(i.CanTransfer) refers to main.o(.bss) for .bss
    main.o(i.CanTransfer) refers to can.o(.bss) for hcan1
    main.o(i.Gohome) refers to main.o(i.CanTransfer) for CanTransfer
    main.o(i.Gohome) refers to main.o(.data) for .data
    main.o(i.HAL_CAN_RxFifo0MsgPendingCallback) refers to stm32f4xx_hal_can.o(i.HAL_CAN_GetRxMessage) for HAL_CAN_GetRxMessage
    main.o(i.HAL_CAN_RxFifo0MsgPendingCallback) refers to stm32f4xx_hal_can.o(i.HAL_CAN_ActivateNotification) for HAL_CAN_ActivateNotification
    main.o(i.HAL_CAN_RxFifo0MsgPendingCallback) refers to main.o(.data) for .data
    main.o(i.HAL_CAN_RxFifo0MsgPendingCallback) refers to main.o(.bss) for .bss
    main.o(i.SystemClock_Config) refers to rt_memclr_w.o(.text) for __aeabi_memclr4
    main.o(i.SystemClock_Config) refers to stm32f4xx_hal_rcc.o(i.HAL_RCC_OscConfig) for HAL_RCC_OscConfig
    main.o(i.SystemClock_Config) refers to stm32f4xx_hal_rcc.o(i.HAL_RCC_ClockConfig) for HAL_RCC_ClockConfig
    main.o(i.canCRC_ATM) refers to main.o(.data) for .data
    main.o(i.main) refers to stm32f4xx_hal.o(i.HAL_Init) for HAL_Init
    main.o(i.main) refers to pid.o(i.pid_init) for pid_init
    main.o(i.main) refers to main.o(i.SystemClock_Config) for SystemClock_Config
    main.o(i.main) refers to gpio.o(i.MX_GPIO_Init) for MX_GPIO_Init
    main.o(i.main) refers to can.o(i.MX_CAN1_Init) for MX_CAN1_Init
    main.o(i.main) refers to tim.o(i.MX_TIM1_Init) for MX_TIM1_Init
    main.o(i.main) refers to usb_device.o(i.MX_USB_DEVICE_Init) for MX_USB_DEVICE_Init
    main.o(i.main) refers to stm32f4xx_hal_tim.o(i.HAL_TIM_Base_Start) for HAL_TIM_Base_Start
    main.o(i.main) refers to stm32f4xx_hal_tim.o(i.HAL_TIM_PWM_Start) for HAL_TIM_PWM_Start
    main.o(i.main) refers to stm32f4xx_hal_can.o(i.HAL_CAN_Start) for HAL_CAN_Start
    main.o(i.main) refers to stm32f4xx_hal_can.o(i.HAL_CAN_ActivateNotification) for HAL_CAN_ActivateNotification
    main.o(i.main) refers to stm32f4xx_hal.o(i.HAL_Delay) for HAL_Delay
    main.o(i.main) refers to stm32f4xx_hal_gpio.o(i.HAL_GPIO_ReadPin) for HAL_GPIO_ReadPin
    main.o(i.main) refers to stm32f4xx_hal.o(i.HAL_GetTick) for HAL_GetTick
    main.o(i.main) refers to rand.o(.emb_text) for rand
    main.o(i.main) refers to pid.o(i.pid_CascadeCalc) for pid_CascadeCalc
    main.o(i.main) refers to main.o(i.Gohome) for Gohome
    main.o(i.main) refers to main.o(i.positionMode3Run) for positionMode3Run
[...]
    __rt_lib_init_lc_collate_1               0x08000247   Thumb Code     0  libinit2.o(.ARM.Collect$$libinit$$00000011)
    __rt_lib_init_lc_ctype_1                 0x08000247   Thumb Code     0  libinit2.o(.ARM.Collect$$libinit$$00000013)
    __rt_lib_init_lc_monetary_1              0x08000247   Thumb Code     0  libinit2.o(.ARM.Collect$$libinit$$00000015)
    __rt_lib_init_lc_numeric_1               0x08000247   Thumb Code     0  libinit2.o(.ARM.Collect$$libinit$$00000017)
    __rt_lib_init_lc_time_1                  0x08000247   Thumb Code     0  libinit2.o(.ARM.Collect$$libinit$$00000019)
    __rt_lib_init_rand_1                     0x08000247   Thumb Code     0  libinit2.o(.ARM.Collect$$libinit$$0000000E)
    __rt_lib_init_return                     0x08000247   Thumb Code     0  libinit2.o(.ARM.Collect$$libinit$$00000033)
    __rt_lib_init_signal_1                   0x08000247   Thumb Code     0  libinit2.o(.ARM.Collect$$libinit$$0000001D)
    __rt_lib_init_stdio_1                    0x08000247   Thumb Code     0  libinit2.o(.ARM.Collect$$libinit$$00000025)
    __rt_lib_shutdown                        0x08000249   Thumb Code     0  libshutdown.o(.ARM.Collect$$libshutdown$$00000000)
    __rt_lib_shutdown_cpp_1                  0x0800024b   Thumb Code     0  libshutdown2.o(.ARM.Collect$$libshutdown$$00000004)
    __rt_lib_shutdown_fini_1                 0x0800024b   Thumb Code     0  libshutdown2.o(.ARM.Collect$$libshutdown$$00000002)
    __rt_lib_shutdown_fp_trap_1              0x0800024b   Thumb Code     0  libshutdown2.o(.ARM.Collect$$libshutdown$$00000009)
    __rt_lib_shutdown_heap_1                 0x0800024b   Thumb Code     0  libshutdown2.o(.ARM.Collect$$libshutdown$$00000011)
    __rt_lib_shutdown_return                 0x0800024b   Thumb Code     0  libshutdown2.o(.ARM.Collect$$libshutdown$$00000012)
    __rt_lib_shutdown_signal_1               0x0800024b   Thumb Code     0  libshutdown2.o(.ARM.Collect$$libshutdown$$0000000C)
    __rt_lib_shutdown_stdio_1                0x0800024b   Thumb Code     0  libshutdown2.o(.ARM.Collect$$libshutdown$$00000006)
    __rt_lib_shutdown_user_alloc_1           0x0800024b   Thumb Code     0  libshutdown2.o(.ARM.Collect$$libshutdown$$0000000E)
    __rt_entry                               0x0800024d   Thumb Code     0  __rtentry.o(.ARM.Collect$$rtentry$$00000000)
    __rt_entry_presh_1                       0x0800024d   Thumb Code     0  __rtentry2.o(.ARM.Collect$$rtentry$$00000002)
    __rt_entry_sh                            0x0800024d   Thumb Code     0  __rtentry4.o(.ARM.Collect$$rtentry$$00000004)
    __rt_entry_li                            0x08000253   Thumb Code     0  __rtentry2.o(.ARM.Collect$$rtentry$$0000000A)
    __rt_entry_postsh_1                      0x08000253   Thumb Code     0  __rtentry2.o(.ARM.Collect$$rtentry$$00000009)
    __rt_entry_main                          0x08000257   Thumb Code     0  __rtentry2.o(.ARM.Collect$$rtentry$$0000000D)
    __rt_entry_postli_1                      0x08000257   Thumb Code     0  __rtentry2.o(.ARM.Collect$$rtentry$$0000000C)
    __rt_exit                                0x0800025f   Thumb Code     0  rtexit.o(.ARM.Collect$$rtexit$$00000000)
    __rt_exit_ls                             0x08000261   Thumb Code     0  rtexit2.o(.ARM.Collect$$rtexit$$00000003)
    __rt_exit_prels_1                        0x08000261   Thumb Code     0  rtexit2.o(.ARM.Collect$$rtexit$$00000002)
    __rt_exit_exit                           0x08000265   Thumb Code     0  rtexit2.o(.ARM.Collect$$rtexit$$00000004)
    rand                                     0x0800026d   Thumb Code    48  rand.o(.emb_text)
    Reset_Handler                            0x080002a1   Thumb Code     8  startup_stm32f407xx.o(.text)
    ADC_IRQHandler                           0x080002bb   Thumb Code     0  startup_stm32f407xx.o(.text)
    CAN1_RX1_IRQHandler                      0x080002bb   Thumb Code     0  startup_stm32f407xx.o(.text)
    CAN1_SCE_IRQHandler                      0x080002bb   Thumb Code     0  startup_stm32f407xx.o(.text)
    CAN1_TX_IRQHandler                       0x080002bb   Thumb Code     0  startup_stm32f407xx.o(.text)
    CAN2_RX0_IRQHandler                      0x080002bb   Thumb Code     0  startup_stm32f407xx.o(.text)
    CAN2_RX1_IRQHandler                      0x080002bb   Thumb Code     0  startup_stm32f407xx.o(.text)
    CAN2_SCE_IRQHandler                      0x080002bb   Thumb Code     0  startup_stm32f407xx.o(.text)
    CAN2_TX_IRQHandler                       0x080002bb   Thumb Code     0  startup_stm32f407xx.o(.text)
    DCMI_IRQHandler                          0x080002bb   Thumb Code     0  startup_stm32f407xx.o(.text)
    DMA1_Stream0_IRQHandler                  0x080002bb   Thumb Code     0  startup_stm32f407xx.o(.text)
    DMA1_Stream1_IRQHandler                  0x080002bb   Thumb Code     0  startup_stm32f407xx.o(.text)
    DMA1_Stream2_IRQHandler                  0x080002bb   Thumb Code     0  startup_stm32f407xx.o(.text)
    DMA1_Stream3_IRQHandler                  0x080002bb   Thumb Code     0  startup_stm32f407xx.o(.text)
    DMA1_Stream4_IRQHandler                  0x080002bb   Thumb Code     0  startup_stm32f407xx.o(.text)
    DMA1_Stream5_IRQHandler                  0x080002bb   Thumb Code     0  startup_stm32f407xx.o(.text)
    DMA1_Stream6_IRQHandler                  0x080002bb   Thumb Code     0  startup_stm32f407xx.o(.text)
    DMA1_Stream7_IRQHandler                  0x080002bb   Thumb Code     0  startup_stm32f407xx.o(.text)
    DMA2_Stream0_IRQHandler                  0x080002bb   Thumb Code     0  startup_stm32f407xx.o(.text)
    DMA2_Stream1_IRQHandler                  0x080002bb   Thumb Code     0  startup_stm32f407xx.o(.text)
    DMA2_Stream2_IRQHandler                  0x080002bb   Thumb Code     0  startup_stm32f407xx.o(.text)
    DMA2_Stream3_IRQHandler                  0x080002bb   Thumb Code     0  startup_stm32f407xx.o(.text)
    DMA2_Stream4_IRQHandler                  0x080002bb   Thumb Code     0  startup_stm32f407xx.o(.text)
    DMA2_Stream5_IRQHandler                  0x080002bb   Thumb Code     0  startup_stm32f407xx.o(.text)
    DMA2_Stream6_IRQHandler                  0x080002bb   Thumb Code     0  startup_stm32f407xx.o(.text)
    DMA2_Stream7_IRQHandler                  0x080002bb   Thumb Code     0  startup_stm32f407xx.o(.text)
    ETH_IRQHandler                           0x080002bb   Thumb Code     0  startup_stm32f407xx.o(.text)
    ETH_WKUP_IRQHandler                      0x080002bb   Thumb Code     0  startup_stm32f407xx.o(.text)
    EXTI0_IRQHandler                         0x080002bb   Thumb Code     0  startup_stm32f407xx.o(.text)
    EXTI15_10_IRQHandler                     0x080002bb   Thumb Code     0  startup_stm32f407xx.o(.text)
    EXTI1_IRQHandler                         0x080002bb   Thumb Code     0  startup_stm32f407xx.o(.text)
    EXTI2_IRQHandler                         0x080002bb   Thumb Code     0  startup_stm32f407xx.o(.text)
    EXTI3_IRQHandler                         0x080002bb   Thumb Code     0  startup_stm32f407xx.o(.text)
    EXTI4_IRQHandler                         0x080002bb   Thumb Code     0  startup_stm32f407xx.o(.text)
    EXTI9_5_IRQHandler                       0x080002bb   Thumb Code     0  startup_stm32f407xx.o(.text)
    FLASH_IRQHandler                         0x080002bb   Thumb Code     0  startup_stm32f407xx.o(.text)
    FMC_IRQHandler                           0x080002bb   Thumb Code     0  startup_stm32f407xx.o(.text)
    FPU_IRQHandler                           0x080002bb   Thumb Code     0  startup_stm32f407xx.o(.text)
    HASH_RNG_IRQHandler                      0x080002bb   Thumb Code     0  startup_stm32f407xx.o(.text)
    I2C1_ER_IRQHandler                       0x080002bb   Thumb Code     0  startup_stm32f407xx.o(.text)
    I2C1_EV_IRQHandler                       0x080002bb   Thumb Code     0  startup_stm32f407xx.o(.text)
    I2C2_ER_IRQHandler                       0x080002bb   Thumb Code     0  startup_stm32f407xx.o(.text)
    I2C2_EV_IRQHandler                       0x080002bb   Thumb Code     0  startup_stm32f407xx.o(.text)
    I2C3_ER_IRQHandler                       0x080002bb   Thumb Code     0  startup_stm32f407xx.o(.text)
    I2C3_EV_IRQHandler                       0x080002bb   Thumb Code     0  startup_stm32f407xx.o(.text)
    OTG_FS_WKUP_IRQHandler                   0x080002bb   Thumb Code     0  startup_stm32f407xx.o(.text)
    OTG_HS_EP1_IN_IRQHandler                 0x080002bb   Thumb Code     0  startup_stm32f407xx.o(.text)
    OTG_HS_EP1_OUT_IRQHandler                0x080002bb   Thumb Code     0  startup_stm32f407xx.o(.text)
    OTG_HS_IRQHandler                        0x080002bb   Thumb Code     0  startup_stm32f407xx.o(.text)
    OTG_HS_WKUP_IRQHandler                   0x080002bb   Thumb Code     0  startup_stm32f407xx.o(.text)
    PVD_IRQHandler                           0x080002bb   Thumb Code     0  startup_stm32f407xx.o(.text)
    RCC_IRQHandler                           0x080002bb   Thumb Code     0  startup_stm32f407xx.o(.text)
    RTC_Alarm_IRQHandler                     0x080002bb   Thumb Code     0  startup_stm32f407xx.o(.text)
    RTC_WKUP_IRQHandler                      0x080002bb   Thumb Code     0  startup_stm32f407xx.o(.text)
    SDIO_IRQHandler                          0x080002bb   Thumb Code     0  startup_stm32f407xx.o(.text)
    SPI1_IRQHandler                          0x080002bb   Thumb Code     0  startup_stm32f407xx.o(.text)
    SPI2_IRQHandler                          0x080002bb   Thumb Code     0  startup_stm32f407xx.o(.text)
    SPI3_IRQHandler                          0x080002bb   Thumb Code     0  startup_stm32f407xx.o(.text)
    TAMP_STAMP_IRQHandler                    0x080002bb   Thumb Code     0  startup_stm32f407xx.o(.text)
    TIM1_BRK_TIM9_IRQHandler                 0x080002bb   Thumb Code     0  startup_stm32f407xx.o(.text)
    TIM1_CC_IRQHandler                       0x080002bb   Thumb Code     0  startup_stm32f407xx.o(.text)
    TIM1_TRG_COM_TIM11_IRQHandler            0x080002bb   Thumb Code     0  startup_stm32f407xx.o(.text)
    TIM1_UP_TIM10_IRQHandler                 0x080002bb   Thumb Code     0  startup_stm32f407xx.o(.text)
    TIM2_IRQHandler                          0x080002bb   Thumb Code     0  startup_stm32f407xx.o(.text)
    TIM3_IRQHandler                          0x080002bb   Thumb Code     0  startup_stm32f407xx.o(.text)
    TIM4_IRQHandler                          0x080002bb   Thumb Code     0  startup_stm32f407xx.o(.text)
    TIM5_IRQHandler                          0x080002bb   Thumb Code     0  startup_stm32f407xx.o(.text)
    TIM6_DAC_IRQHandler                      0x080002bb   Thumb Code     0  startup_stm32f407xx.o(.text)
    TIM7_IRQHandler                          0x080002bb   Thumb Code     0  startup_stm32f407xx.o(.text)
    TIM8_BRK_TIM12_IRQHandler                0x080002bb   Thumb Code     0  startup_stm32f407xx.o(.text)
    TIM8_CC_IRQHandler                       0x080002bb   Thumb Code     0  startup_stm32f407xx.o(.text)
    TIM8_TRG_COM_TIM14_IRQHandler            0x080002bb   Thumb Code     0  startup_stm32f407xx.o(.text)
    TIM8_UP_TIM13_IRQHandler                 0x080002bb   Thumb Code     0  startup_stm32f407xx.o(.text)
    UART4_IRQHandler                         0x080002bb   Thumb Code     0  startup_stm32f407xx.o(.text)
    UART5_IRQHandler                         0x080002bb   Thumb Code     0  startup_stm32f407xx.o(.text)
    USART1_IRQHandler                        0x080002bb   Thumb Code     0  startup_stm32f407xx.o(.text)
    USART2_IRQHandler                        0x080002bb   Thumb Code     0  startup_stm32f407xx.o(.text)
    USART3_IRQHandler                        0x080002bb   Thumb Code     0  startup_stm32f407xx.o(.text)
    USART6_IRQHandler                        0x080002bb   Thumb Code     0  startup_stm32f407xx.o(.text)
    WWDG_IRQHandler                          0x080002bb   Thumb Code     0  startup_stm32f407xx.o(.text)
    __user_initial_stackheap                 0x080002bd   Thumb Code     0  startup_stm32f407xx.o(.text)
    __aeabi_uldivmod                         0x080002e1   Thumb Code     0  lludivv7m.o(.text)
    _ll_udiv                                 0x080002e1   Thumb Code   238  lludivv7m.o(.text)
    srand                                    0x080003d1   Thumb Code    42  rand.o(.text)
    _rand_init                               0x080003fb   Thumb Code     4  rand.o(.text)
    __aeabi_memcpy                           0x0800040d   Thumb Code     0  rt_memcpy_v6.o(.text)
    __rt_memcpy                              0x0800040d   Thumb Code   138  rt_memcpy_v6.o(.text)
    _memcpy_lastbytes                        0x08000473   Thumb Code     0  rt_memcpy_v6.o(.text)
    __aeabi_memclr                           0x08000497   Thumb Code     0  rt_memclr.o(.text)
    __rt_memclr                              0x08000497   Thumb Code    68  rt_memclr.o(.text)
    _memset                                  0x0800049b   Thumb Code     0  rt_memclr.o(.text)
    __aeabi_memclr4                          0x080004db   Thumb Code     0  rt_memclr_w.o(.text)
    __aeabi_memclr8                          0x080004db   Thumb Code     0  rt_memclr_w.o(.text)
    __rt_memclr_w                            0x080004db   Thumb Code    78  rt_memclr_w.o(.text)
    _memset_w                                0x080004df   Thumb Code     0  rt_memclr_w.o(.text)
    __use_two_region_memory                  0x08000529   Thumb Code     2  heapauxi.o(.text)
    __rt_heap_escrow$2region                 0x0800052b   Thumb Code     2  heapauxi.o(.text)
    __rt_heap_expand$2region                 0x0800052d   Thumb Code     2  heapauxi.o(.text)
    __read_errno                             0x0800052f   Thumb Code    10  _rserrno.o(.text)
    __set_errno                              0x08000539   Thumb Code    12  _rserrno.o(.text)
    __aeabi_memcpy4                          0x08000545   Thumb Code     0  rt_memcpy_w.o(.text)
    __aeabi_memcpy8                          0x08000545   Thumb Code     0  rt_memcpy_w.o(.text)
    __rt_memcpy_w                            0x08000545   Thumb Code   100  rt_memcpy_w.o(.text)
    _memcpy_lastbytes_aligned                0x0800058d   Thumb Code     0  rt_memcpy_w.o(.text)
    __aeabi_errno_addr                       0x080005a9   Thumb Code     8  rt_errno_addr_intlibspace.o(.text)
    __errno$intlibspace                      0x080005a9   Thumb Code     0  rt_errno_addr_intlibspace.o(.text)
    __rt_errno_addr$intlibspace              0x080005a9   Thumb Code     0  rt_errno_addr_intlibspace.o(.text)
    __user_libspace                          0x080005b1   Thumb Code     8  libspace.o(.text)
    __user_perproc_libspace                  0x080005b1   Thumb Code     0  libspace.o(.text)
    __user_perthread_libspace                0x080005b1   Thumb Code     0  libspace.o(.text)
    __user_setup_stackheap                   0x080005b9   Thumb Code    74  sys_stackheap_outer.o(.text)
    exit                                     0x08000603   Thumb Code    18  exit.o(.text)
    _sys_exit                                0x08000615   Thumb Code     8  sys_exit.o(.text)
    __I$use$semihosting                      0x08000621   Thumb Code     0  use_no_semi.o(.text)
    __use_no_semihosting_swi                 0x08000621   Thumb Code     2  use_no_semi.o(.text)
    BusFault_Handler                         0x08000623   Thumb Code     2  stm32f4xx_it.o(i.BusFault_Handler)
    __semihosting_library_function           0x08000623   Thumb Code     0  indicate_semi.o(.text)
    CAN1_RX0_IRQHandler                      0x08000625   Thumb Code     6  stm32f4xx_it.o(i.CAN1_RX0_IRQHandler)
    CDC_Transmit_FS                          0x08000815   Thumb Code    38  usbd_cdc_if.o(i.CDC_Transmit_FS)
    CanTransfer                              0x08000841   Thumb Code    74  main.o(i.CanTransfer)
    DebugMon_Handler                         0x08000899   Thumb Code     2  stm32f4xx_it.o(i.DebugMon_Handler)
    Error_Handler                            0x0800089b   Thumb Code     4  main.o(i.Error_Handler)
    Gohome                                   0x080008a1   Thumb Code    40  main.o(i.Gohome)
    HAL_CAN_ActivateNotification             0x080008cd   Thumb Code    36  stm32f4xx_hal_can.o(i.HAL_CAN_ActivateNotification)
    HAL_CAN_AddTxMessage                     0x080008f1   Thumb Code   208  stm32f4xx_hal_can.o(i.HAL_CAN_AddTxMessage)
    HAL_CAN_ConfigFilter                     0x080009c1   Thumb Code   262  stm32f4xx_hal_can.o(i.HAL_CAN_ConfigFilter)
    HAL_CAN_ErrorCallback                    0x08000acd   Thumb Code     2  stm32f4xx_hal_can.o(i.HAL_CAN_ErrorCallback)
    HAL_CAN_GetRxMessage                     0x08000acf   Thumb Code   244  stm32f4xx_hal_can.o(i.HAL_CAN_GetRxMessage)
    HAL_CAN_IRQHandler                       0x08000bc3   Thumb Code   508  stm32f4xx_hal_can.o(i.HAL_CAN_IRQHandler)
    HAL_CAN_Init                             0x08000dbf   Thumb Code   282  stm32f4xx_hal_can.o(i.HAL_CAN_Init)
    HAL_CAN_MspInit                          0x08000ed9   Thumb Code   106  can.o(i.HAL_CAN_MspInit)
    HAL_CAN_RxFifo0FullCallback              0x08000f51   Thumb Code     2  stm32f4xx_hal_can.o(i.HAL_CAN_RxFifo0FullCallback)
    HAL_CAN_RxFifo0MsgPendingCallback        0x08000f55   Thumb Code   122  main.o(i.HAL_CAN_RxFifo0MsgPendingCallback)
    HAL_CAN_RxFifo1FullCallback              0x08000fdd   Thumb Code     2  stm32f4xx_hal_can.o(i.HAL_CAN_RxFifo1FullCallback)
    HAL_CAN_RxFifo1MsgPendingCallback        0x08000fdf   Thumb Code     2  stm32f4xx_hal_can.o(i.HAL_CAN_RxFifo1MsgPendingCallback)
    HAL_CAN_SleepCallback                    0x08000fe1   Thumb Code     2  stm32f4xx_hal_can.o(i.HAL_CAN_SleepCallback)
    HAL_CAN_Start                            0x08000fe5   Thumb Code    88  stm32f4xx_hal_can.o(i.HAL_CAN_Start)
    HAL_CAN_TxMailbox0AbortCallback          0x0800103d   Thumb Code     2  stm32f4xx_hal_can.o(i.HAL_CAN_TxMailbox0AbortCallback)
    HAL_CAN_TxMailbox0CompleteCallback       0x0800103f   Thumb Code     2  stm32f4xx_hal_can.o(i.HAL_CAN_TxMailbox0CompleteCallback)
    HAL_CAN_TxMailbox1AbortCallback          0x08001041   Thumb Code     2  stm32f4xx_hal_can.o(i.HAL_CAN_TxMailbox1AbortCallback)
    HAL_CAN_TxMailbox1CompleteCallback       0x08001043   Thumb Code     2  stm32f4xx_hal_can.o(i.HAL_CAN_TxMailbox1CompleteCallback)
    HAL_CAN_TxMailbox2AbortCallback          0x08001045   Thumb Code     2  stm32f4xx_hal_can.o(i.HAL_CAN_TxMailbox2AbortCallback)
    HAL_CAN_TxMailbox2CompleteCallback       0x08001047   Thumb Code     2  stm32f4xx_hal_can.o(i.HAL_CAN_TxMailbox2CompleteCallback)
    HAL_CAN_WakeUpFromRxMsgCallback          0x08001049   Thumb Code     2  stm32f4xx_hal_can.o(i.HAL_CAN_WakeUpFromRxMsgCallback)
    HAL_Delay                                0x0800104d   Thumb Code    32  stm32f4xx_hal.o(i.HAL_Delay)
    HAL_GPIO_Init                            0x08001071   Thumb Code   450  stm32f4xx_hal_gpio.o(i.HAL_GPIO_Init)
    HAL_GPIO_ReadPin                         0x08001261   Thumb Code    10  stm32f4xx_hal_gpio.o(i.HAL_GPIO_ReadPin)
    HAL_GetTick                              0x0800126d   Thumb Code     6  stm32f4xx_hal.o(i.HAL_GetTick)
    HAL_IncTick                              0x08001279   Thumb Code    12  stm32f4xx_hal.o(i.HAL_IncTick)
    HAL_Init                                 0x08001289   Thumb Code    48  stm32f4xx_hal.o(i.HAL_Init)
    HAL_InitTick                             0x080012bd   Thumb Code    54  stm32f4xx_hal.o(i.HAL_InitTick)
    HAL_MspInit                              0x080012fd   Thumb Code    42  stm32f4xx_hal_msp.o(i.HAL_MspInit)
    HAL_NVIC_EnableIRQ                       0x0800132d   Thumb Code    26  stm32f4xx_hal_cortex.o(i.HAL_NVIC_EnableIRQ)
    HAL_NVIC_SetPriority                     0x08001349   Thumb Code    60  stm32f4xx_hal_cortex.o(i.HAL_NVIC_SetPriority)
    HAL_NVIC_SetPriorityGrouping             0x08001389   Thumb Code    26  stm32f4xx_hal_cortex.o(i.HAL_NVIC_SetPriorityGrouping)
    HAL_PCDEx_LPM_Callback                   0x080013ad   Thumb Code     2  stm32f4xx_hal_pcd_ex.o(i.HAL_PCDEx_LPM_Callback)
    HAL_PCDEx_SetRxFiFo                      0x080013af   Thumb Code     8  stm32f4xx_hal_pcd_ex.o(i.HAL_PCDEx_SetRxFiFo)
    HAL_PCDEx_SetTxFiFo                      0x080013b7   Thumb Code    68  stm32f4xx_hal_pcd_ex.o(i.HAL_PCDEx_SetTxFiFo)
    HAL_PCD_ConnectCallback                  0x080013fb   Thumb Code     8  usbd_conf.o(i.HAL_PCD_ConnectCallback)
    HAL_PCD_DataInStageCallback              0x08001403   Thumb Code    18  usbd_conf.o(i.HAL_PCD_DataInStageCallback)
    HAL_PCD_DataOutStageCallback             0x08001415   Thumb Code    20  usbd_conf.o(i.HAL_PCD_DataOutStageCallback)
    HAL_PCD_DisconnectCallback               0x08001429   Thumb Code     8  usbd_conf.o(i.HAL_PCD_DisconnectCallback)
    HAL_PCD_EP_Abort                         0x08001431   Thumb Code    30  stm32f4xx_hal_pcd.o(i.HAL_PCD_EP_Abort)
    HAL_PCD_EP_Close                         0x0800144f   Thumb Code    74  stm32f4xx_hal_pcd.o(i.HAL_PCD_EP_Close)
    HAL_PCD_EP_ClrStall                      0x08001499   Thumb Code    90  stm32f4xx_hal_pcd.o(i.HAL_PCD_EP_ClrStall)
    HAL_PCD_EP_GetRxCount                    0x080014f3   Thumb Code    18  stm32f4xx_hal_pcd.o(i.HAL_PCD_EP_GetRxCount)
    HAL_PCD_EP_Open                          0x08001505   Thumb Code    98  stm32f4xx_hal_pcd.o(i.HAL_PCD_EP_Open)
    HAL_PCD_EP_Receive                       0x08001567   Thumb Code    56  stm32f4xx_hal_pcd.o(i.HAL_PCD_EP_Receive)
    HAL_PCD_EP_SetStall                      0x0800159f   Thumb Code   114  stm32f4xx_hal_pcd.o(i.HAL_PCD_EP_SetStall)
    HAL_PCD_EP_Transmit                      0x08001611   Thumb Code    50  stm32f4xx_hal_pcd.o(i.HAL_PCD_EP_Transmit)
    HAL_PCD_IRQHandler                       0x08001645   Thumb Code  1372  stm32f4xx_hal_pcd.o(i.HAL_PCD_IRQHandler)
    HAL_PCD_ISOINIncompleteCallback          0x08001ba1   Thumb Code     8  usbd_conf.o(i.HAL_PCD_ISOINIncompleteCallback)
    HAL_PCD_ISOOUTIncompleteCallback         0x08001ba9   Thumb Code     8  usbd_conf.o(i.HAL_PCD_ISOOUTIncompleteCallback)
    HAL_PCD_Init                             0x08001bb1   Thumb Code   204  stm32f4xx_hal_pcd.o(i.HAL_PCD_Init)
    HAL_PCD_MspInit                          0x08001c7d   Thumb Code   122  usbd_conf.o(i.HAL_PCD_MspInit)
    HAL_PCD_ResetCallback                    0x08001d01   Thumb Code    44  usbd_conf.o(i.HAL_PCD_ResetCallback)
    HAL_PCD_ResumeCallback                   0x08001d2d   Thumb Code     8  usbd_conf.o(i.HAL_PCD_ResumeCallback)
    HAL_PCD_SOFCallback                      0x08001d35   Thumb Code     8  usbd_conf.o(i.HAL_PCD_SOFCallback)
    HAL_PCD_SetAddress                       0x08001d3d   Thumb Code    38  stm32f4xx_hal_pcd.o(i.HAL_PCD_SetAddress)
    HAL_PCD_SetupStageCallback               0x08001d63   Thumb Code    14  usbd_conf.o(i.HAL_PCD_SetupStageCallback)
    HAL_PCD_Start                            0x08001d71   Thumb Code    66  stm32f4xx_hal_pcd.o(i.HAL_PCD_Start)
    HAL_PCD_SuspendCallback                  0x08001db5   Thumb Code    44  usbd_conf.o(i.HAL_PCD_SuspendCallback)
    HAL_RCC_ClockConfig                      0x08001de5   Thumb Code   288  stm32f4xx_hal_rcc.o(i.HAL_RCC_ClockConfig)
    HAL_RCC_GetHCLKFreq                      0x08001f19   Thumb Code     6  stm32f4xx_hal_rcc.o(i.HAL_RCC_GetHCLKFreq)
    HAL_RCC_GetSysClockFreq                  0x08001f25   Thumb Code    88  stm32f4xx_hal_rcc.o(i.HAL_RCC_GetSysClockFreq)
    HAL_RCC_OscConfig                        0x08001f89   Thumb Code   856  stm32f4xx_hal_rcc.o(i.HAL_RCC_OscConfig)
    HAL_SYSTICK_Config                       0x080022f5   Thumb Code    40  stm32f4xx_hal_cortex.o(i.HAL_SYSTICK_Config)
    HAL_TIMEx_ConfigBreakDeadTime            0x0800231d   Thumb Code    84  stm32f4xx_hal_tim_ex.o(i.HAL_TIMEx_ConfigBreakDeadTime)
    HAL_TIMEx_MasterConfigSynchronization    0x08002371   Thumb Code   116  stm32f4xx_hal_tim_ex.o(i.HAL_TIMEx_MasterConfigSynchronization)
    HAL_TIM_Base_Init                        0x08002401   Thumb Code    90  stm32f4xx_hal_tim.o(i.HAL_TIM_Base_Init)
    HAL_TIM_Base_MspInit                     0x0800245d   Thumb Code    92  tim.o(i.HAL_TIM_Base_MspInit)
    HAL_TIM_Base_Start                       0x080024c5   Thumb Code    90  stm32f4xx_hal_tim.o(i.HAL_TIM_Base_Start)
    HAL_TIM_ConfigClockSource                0x0800253d   Thumb Code   220  stm32f4xx_hal_tim.o(i.HAL_TIM_ConfigClockSource)
    HAL_TIM_MspPostInit                      0x08002619   Thumb Code    72  tim.o(i.HAL_TIM_MspPostInit)
    HAL_TIM_PWM_ConfigChannel                0x0800266d   Thumb Code   204  stm32f4xx_hal_tim.o(i.HAL_TIM_PWM_ConfigChannel)
    HAL_TIM_PWM_Init                         0x08002739   Thumb Code    90  stm32f4xx_hal_tim.o(i.HAL_TIM_PWM_Init)
    HAL_TIM_PWM_MspInit                      0x08002793   Thumb Code     2  stm32f4xx_hal_tim.o(i.HAL_TIM_PWM_MspInit)
    HAL_TIM_PWM_Start                        0x08002795   Thumb Code   172  stm32f4xx_hal_tim.o(i.HAL_TIM_PWM_Start)
    HardFault_Handler                        0x0800285d   Thumb Code     2  stm32f4xx_it.o(i.HardFault_Handler)
    MX_CAN1_Init                             0x08002899   Thumb Code    88  can.o(i.MX_CAN1_Init)
    MX_GPIO_Init                             0x080028f9   Thumb Code   154  gpio.o(i.MX_GPIO_Init)
    MX_TIM1_Init                             0x080029a1   Thumb Code   208  tim.o(i.MX_TIM1_Init)
    MX_USB_DEVICE_Init                       0x08002a79   Thumb Code    66  usb_device.o(i.MX_USB_DEVICE_Init)
    MemManage_Handler                        0x08002acd   Thumb Code     2  stm32f4xx_it.o(i.MemManage_Handler)
    NMI_Handler                              0x08002acf   Thumb Code     2  stm32f4xx_it.o(i.NMI_Handler)
    OTG_FS_IRQHandler                        0x08002ad1   Thumb Code     6  stm32f4xx_it.o(i.OTG_FS_IRQHandler)
    PendSV_Handler                           0x08002c4b   Thumb Code     2  stm32f4xx_it.o(i.PendSV_Handler)
    SVC_Handler                              0x08002c4d   Thumb Code     2  stm32f4xx_it.o(i.SVC_Handler)
    SysTick_Handler                          0x08002c59   Thumb Code     4  stm32f4xx_it.o(i.SysTick_Handler)
    SystemClock_Config                       0x08002c5d   Thumb Code   140  main.o(i.SystemClock_Config)
    SystemInit                               0x08002cf1   Thumb Code    12  system_stm32f4xx.o(i.SystemInit)
    TIM_Base_SetConfig                       0x08002d01   Thumb Code   170  stm32f4xx_hal_tim.o(i.TIM_Base_SetConfig)
    TIM_CCxChannelCmd                        0x08002dd9   Thumb Code    26  stm32f4xx_hal_tim.o(i.TIM_CCxChannelCmd)
    TIM_ETR_SetConfig                        0x08002df3   Thumb Code    20  stm32f4xx_hal_tim.o(i.TIM_ETR_SetConfig)
    TIM_OC2_SetConfig                        0x08002e79   Thumb Code    98  stm32f4xx_hal_tim.o(i.TIM_OC2_SetConfig)
    USBD_CDC_GetDeviceQualifierDescriptor    0x0800315d   Thumb Code     8  usbd_cdc.o(i.USBD_CDC_GetDeviceQualifierDescriptor)
    USBD_CDC_ReceivePacket                   0x08003339   Thumb Code    50  usbd_cdc.o(i.USBD_CDC_ReceivePacket)
    USBD_CDC_RegisterInterface               0x08003371   Thumb Code    22  usbd_cdc.o(i.USBD_CDC_RegisterInterface)
    USBD_CDC_SetRxBuffer                     0x08003387   Thumb Code    26  usbd_cdc.o(i.USBD_CDC_SetRxBuffer)
    USBD_CDC_SetTxBuffer                     0x080033a1   Thumb Code    30  usbd_cdc.o(i.USBD_CDC_SetTxBuffer)
    USBD_CDC_TransmitPacket                  0x08003495   Thumb Code    76  usbd_cdc.o(i.USBD_CDC_TransmitPacket)
    USBD_ClrClassConfig                      0x080034e5   Thumb Code    20  usbd_core.o(i.USBD_ClrClassConfig)
    USBD_CoreFindEP                          0x080034f9   Thumb Code     4  usbd_core.o(i.USBD_CoreFindEP)
    USBD_CoreFindIF                          0x080034fd   Thumb Code     4  usbd_core.o(i.USBD_CoreFindIF)
    USBD_CtlContinueRx                       0x08003501   Thumb Code    16  usbd_ioreq.o(i.USBD_CtlContinueRx)
    USBD_CtlContinueSendData                 0x08003511   Thumb Code    16  usbd_ioreq.o(i.USBD_CtlContinueSendData)
    USBD_CtlError                            0x08003521   Thumb Code    22  usbd_ctlreq.o(i.USBD_CtlError)
    USBD_CtlPrepareRx                        0x08003537   Thumb Code    30  usbd_ioreq.o(i.USBD_CtlPrepareRx)
    USBD_CtlReceiveStatus                    0x08003555   Thumb Code    22  usbd_ioreq.o(i.USBD_CtlReceiveStatus)
    USBD_CtlSendData                         0x0800356b   Thumb Code    26  usbd_ioreq.o(i.USBD_CtlSendData)
    USBD_CtlSendStatus                       0x08003585   Thumb Code    22  usbd_ioreq.o(i.USBD_CtlSendStatus)
    USBD_FS_ConfigStrDescriptor              0x0800359d   Thumb Code    16  usbd_desc.o(i.USBD_FS_ConfigStrDescriptor)
    USBD_FS_DeviceDescriptor                 0x080035bd   Thumb Code     8  usbd_desc.o(i.USBD_FS_DeviceDescriptor)
    USBD_FS_InterfaceStrDescriptor           0x080035c9   Thumb Code    16  usbd_desc.o(i.USBD_FS_InterfaceStrDescriptor)
    USBD_FS_LangIDStrDescriptor              0x080035ed   Thumb Code     8  usbd_desc.o(i.USBD_FS_LangIDStrDescriptor)
    USBD_FS_ManufacturerStrDescriptor        0x080035f9   Thumb Code    16  usbd_desc.o(i.USBD_FS_ManufacturerStrDescriptor)
    USBD_FS_ProductStrDescriptor             0x08003621   Thumb Code    16  usbd_desc.o(i.USBD_FS_ProductStrDescriptor)
    USBD_FS_SerialStrDescriptor              0x0800364d   Thumb Code    48  usbd_desc.o(i.USBD_FS_SerialStrDescriptor)
    USBD_GetEpDesc                           0x0800376b   Thumb Code    58  usbd_core.o(i.USBD_GetEpDesc)
    USBD_GetNextDesc                         0x080037b9   Thumb Code    14  usbd_core.o(i.USBD_GetNextDesc)
    USBD_GetString                           0x080037c7   Thumb Code    78  usbd_ctlreq.o(i.USBD_GetString)
    USBD_Get_USB_Status                      0x08003815   Thumb Code    24  usbd_conf.o(i.USBD_Get_USB_Status)
    USBD_Init                                0x0800382d   Thumb Code    38  usbd_core.o(i.USBD_Init)
    USBD_LL_ClearStallEP                     0x08003853   Thumb Code    18  usbd_conf.o(i.USBD_LL_ClearStallEP)
    USBD_LL_CloseEP                          0x08003865   Thumb Code    18  usbd_conf.o(i.USBD_LL_CloseEP)
    USBD_LL_DataInStage                      0x08003877   Thumb Code   182  usbd_core.o(i.USBD_LL_DataInStage)
    USBD_LL_DataOutStage                     0x0800392d   Thumb Code   142  usbd_core.o(i.USBD_LL_DataOutStage)
    USBD_LL_DevConnected                     0x080039bb   Thumb Code     4  usbd_core.o(i.USBD_LL_DevConnected)
    USBD_LL_DevDisconnected                  0x080039bf   Thumb Code    30  usbd_core.o(i.USBD_LL_DevDisconnected)
    USBD_LL_GetRxDataSize                    0x080039dd   Thumb Code     8  usbd_conf.o(i.USBD_LL_GetRxDataSize)
    USBD_LL_Init                             0x080039e5   Thumb Code    90  usbd_conf.o(i.USBD_LL_Init)
    USBD_LL_IsStallEP                        0x08003a45   Thumb Code    30  usbd_conf.o(i.USBD_LL_IsStallEP)
    USBD_LL_IsoINIncomplete                  0x08003a63   Thumb Code    40  usbd_core.o(i.USBD_LL_IsoINIncomplete)
    USBD_LL_IsoOUTIncomplete                 0x08003a8b   Thumb Code    40  usbd_core.o(i.USBD_LL_IsoOUTIncomplete)
    USBD_LL_OpenEP                           0x08003ab3   Thumb Code    24  usbd_conf.o(i.USBD_LL_OpenEP)
    USBD_LL_PrepareReceive                   0x08003acb   Thumb Code    18  usbd_conf.o(i.USBD_LL_PrepareReceive)
    USBD_LL_Reset                            0x08003add   Thumb Code    92  usbd_core.o(i.USBD_LL_Reset)
    USBD_LL_Resume                           0x08003b39   Thumb Code    20  usbd_core.o(i.USBD_LL_Resume)
    USBD_LL_SOF                              0x08003b4d   Thumb Code    26  usbd_core.o(i.USBD_LL_SOF)
    USBD_LL_SetSpeed                         0x08003b67   Thumb Code     6  usbd_core.o(i.USBD_LL_SetSpeed)
    USBD_LL_SetUSBAddress                    0x08003b6d   Thumb Code    18  usbd_conf.o(i.USBD_LL_SetUSBAddress)
    USBD_LL_SetupStage                       0x08003b7f   Thumb Code    96  usbd_core.o(i.USBD_LL_SetupStage)
    USBD_LL_StallEP                          0x08003bdf   Thumb Code    18  usbd_conf.o(i.USBD_LL_StallEP)
    USBD_LL_Start                            0x08003bf1   Thumb Code    18  usbd_conf.o(i.USBD_LL_Start)
    USBD_LL_Suspend                          0x08003c03   Thumb Code    26  usbd_core.o(i.USBD_LL_Suspend)
    USBD_LL_Transmit                         0x08003c1d   Thumb Code    18  usbd_conf.o(i.USBD_LL_Transmit)
    USBD_ParseSetupRequest                   0x08003c2f   Thumb Code    44  usbd_ctlreq.o(i.USBD_ParseSetupRequest)
    USBD_RegisterClass                       0x08003c5b   Thumb Code    58  usbd_core.o(i.USBD_RegisterClass)
    USBD_SetClassConfig                      0x08003c95   Thumb Code    20  usbd_core.o(i.USBD_SetClassConfig)
    USBD_Start                               0x08003d61   Thumb Code     4  usbd_core.o(i.USBD_Start)
    USBD_StdDevReq                           0x08003d65   Thumb Code   300  usbd_ctlreq.o(i.USBD_StdDevReq)
    USBD_StdEPReq                            0x08003e91   Thumb Code   352  usbd_ctlreq.o(i.USBD_StdEPReq)
    USBD_StdItfReq                           0x08003ff1   Thumb Code   114  usbd_ctlreq.o(i.USBD_StdItfReq)
    USBD_static_free                         0x08004063   Thumb Code     2  usbd_conf.o(i.USBD_static_free)
    USBD_static_malloc                       0x08004065   Thumb Code     4  usbd_conf.o(i.USBD_static_malloc)
    USB_ActivateEndpoint                     0x0800406d   Thumb Code   122  stm32f4xx_ll_usb.o(i.USB_ActivateEndpoint)
    USB_ActivateSetup                        0x080040ed   Thumb Code    28  stm32f4xx_ll_usb.o(i.USB_ActivateSetup)
    USB_CoreInit                             0x08004109   Thumb Code   126  stm32f4xx_ll_usb.o(i.USB_CoreInit)
    USB_DeactivateEndpoint                   0x080041c9   Thumb Code   194  stm32f4xx_ll_usb.o(i.USB_DeactivateEndpoint)
    USB_DevConnect                           0x08004295   Thumb Code    28  stm32f4xx_ll_usb.o(i.USB_DevConnect)
    USB_DevDisconnect                        0x080042b1   Thumb Code    28  stm32f4xx_ll_usb.o(i.USB_DevDisconnect)
    USB_DevInit                              0x080042cd   Thumb Code   370  stm32f4xx_ll_usb.o(i.USB_DevInit)
    USB_DisableGlobalInt                     0x08004449   Thumb Code    12  stm32f4xx_ll_usb.o(i.USB_DisableGlobalInt)
    USB_EP0_OutStart                         0x08004455   Thumb Code    84  stm32f4xx_ll_usb.o(i.USB_EP0_OutStart)
    USB_EPClearStall                         0x080044ad   Thumb Code    88  stm32f4xx_ll_usb.o(i.USB_EPClearStall)
    USB_EPSetStall                           0x08004505   Thumb Code    88  stm32f4xx_ll_usb.o(i.USB_EPSetStall)
    USB_EPStartXfer                          0x0800455d   Thumb Code   562  stm32f4xx_ll_usb.o(i.USB_EPStartXfer)
    USB_EPStopXfer                           0x08004795   Thumb Code   158  stm32f4xx_ll_usb.o(i.USB_EPStopXfer)
    USB_EnableGlobalInt                      0x08004833   Thumb Code    12  stm32f4xx_ll_usb.o(i.USB_EnableGlobalInt)
    USB_FlushRxFifo                          0x0800483f   Thumb Code    56  stm32f4xx_ll_usb.o(i.USB_FlushRxFifo)
    USB_FlushTxFifo                          0x08004877   Thumb Code    60  stm32f4xx_ll_usb.o(i.USB_FlushTxFifo)
    USB_GetDevSpeed                          0x080048b3   Thumb Code    26  stm32f4xx_ll_usb.o(i.USB_GetDevSpeed)
    USB_GetMode                              0x080048cd   Thumb Code     8  stm32f4xx_ll_usb.o(i.USB_GetMode)
    USB_ReadDevAllInEpInterrupt              0x080048d5   Thumb Code    14  stm32f4xx_ll_usb.o(i.USB_ReadDevAllInEpInterrupt)
    USB_ReadDevAllOutEpInterrupt             0x080048e3   Thumb Code    14  stm32f4xx_ll_usb.o(i.USB_ReadDevAllOutEpInterrupt)
    USB_ReadDevInEPInterrupt                 0x080048f1   Thumb Code    36  stm32f4xx_ll_usb.o(i.USB_ReadDevInEPInterrupt)
    USB_ReadDevOutEPInterrupt                0x08004915   Thumb Code    16  stm32f4xx_ll_usb.o(i.USB_ReadDevOutEPInterrupt)
    USB_ReadInterrupts                       0x08004925   Thumb Code     8  stm32f4xx_ll_usb.o(i.USB_ReadInterrupts)
    USB_ReadPacket                           0x0800492d   Thumb Code    62  stm32f4xx_ll_usb.o(i.USB_ReadPacket)
    USB_SetCurrentMode                       0x0800496b   Thumb Code    92  stm32f4xx_ll_usb.o(i.USB_SetCurrentMode)
    USB_SetDevAddress                        0x080049c7   Thumb Code    34  stm32f4xx_ll_usb.o(i.USB_SetDevAddress)
    USB_SetTurnaroundTime                    0x080049e9   Thumb Code   158  stm32f4xx_ll_usb.o(i.USB_SetTurnaroundTime)
    USB_WritePacket                          0x08004ad1   Thumb Code    40  stm32f4xx_ll_usb.o(i.USB_WritePacket)
    UsageFault_Handler                       0x08004af9   Thumb Code     2  stm32f4xx_it.o(i.UsageFault_Handler)
    __ARM_fpclassify                         0x08004afb   Thumb Code    48  fpclassify.o(i.__ARM_fpclassify)
    __hardfp_acos                            0x08004b51   Thumb Code   738  acos.o(i.__hardfp_acos)
    __hardfp_atan                            0x08004ea9   Thumb Code   622  atan.o(i.__hardfp_atan)
    __hardfp_atan2                           0x08005181   Thumb Code   448  atan2.o(i.__hardfp_atan2)
    __hardfp_sqrt                            0x08005381   Thumb Code   122  sqrt.o(i.__hardfp_sqrt)
    __kernel_poly                            0x080053fb   Thumb Code   248  poly.o(i.__kernel_poly)
    __mathlib_dbl_infnan                     0x080054f3   Thumb Code    20  dunder.o(i.__mathlib_dbl_infnan)
    __mathlib_dbl_infnan2                    0x08005507   Thumb Code    20  dunder.o(i.__mathlib_dbl_infnan2)
    __mathlib_dbl_invalid                    0x08005521   Thumb Code    24  dunder.o(i.__mathlib_dbl_invalid)
    __mathlib_dbl_underflow                  0x08005541   Thumb Code    24  dunder.o(i.__mathlib_dbl_underflow)
    atan                                     0x08005561   Thumb Code    16  atan.o(i.atan)
    canCRC_ATM                               0x08005571   Thumb Code    28  main.o(i.canCRC_ATM)
    fabs                                     0x08005591   Thumb Code    24  fabs.o(i.fabs)
    main                                     0x080055a9   Thumb Code   636  main.o(i.main)
    pid_CascadeCalc                          0x08005855   Thumb Code    38  pid.o(i.pid_CascadeCalc)
    pid_calc                                 0x0800587b   Thumb Code    82  pid.o(i.pid_calc)
    pid_init                                 0x080058cd   Thumb Code     6  pid.o(i.pid_init)
    positionMode3Run                         0x080058d5   Thumb Code    40  main.o(i.positionMode3Run)
    sqrt                                     0x08005901   Thumb Code   110  sqrt.o(i.sqrt)
    __aeabi_dneg                             0x0800596f   Thumb Code     0  basic.o(x$fpl$basic)
    _dneg                                    0x0800596f   Thumb Code     6  basic.o(x$fpl$basic)
    __aeabi_fneg                             0x08005975   Thumb Code     0  basic.o(x$fpl$basic)
    _fneg                                    0x08005975   Thumb Code     6  basic.o(x$fpl$basic)
    _dabs                                    0x0800597b   Thumb Code     6  basic.o(x$fpl$basic)
    _fabs                                    0x08005981   Thumb Code     6  basic.o(x$fpl$basic)
    __aeabi_d2f                              0x08005989   Thumb Code     0  d2f.o(x$fpl$d2f)
    _d2f                                     0x08005989   Thumb Code    98  d2f.o(x$fpl$d2f)
    __aeabi_dadd                             0x080059ed   Thumb Code     0  daddsub_clz.o(x$fpl$dadd)
    _dadd                                    0x080059ed   Thumb Code   332  daddsub_clz.o(x$fpl$dadd)
    __fpl_dcmp_Inf                           0x08005b3d   Thumb Code    24  dcmpi.o(x$fpl$dcmpinf)
    __aeabi_ddiv                             0x08005b55   Thumb Code     0  ddiv.o(x$fpl$ddiv)
    _ddiv                                    0x08005b55   Thumb Code   552  ddiv.o(x$fpl$ddiv)
    __aeabi_cdcmpeq                          0x08005e05   Thumb Code     0  deqf.o(x$fpl$deqf)
    _dcmpeq                                  0x08005e05   Thumb Code   120  deqf.o(x$fpl$deqf)
    __aeabi_dmul                             0x08005e7d   Thumb Code     0  dmul.o(x$fpl$dmul)
    _dmul                                    0x08005e7d   Thumb Code   332  dmul.o(x$fpl$dmul)
    __fpl_dnaninf                            0x08005fd1   Thumb Code   156  dnaninf.o(x$fpl$dnaninf)
    __fpl_dretinf                            0x0800606d   Thumb Code    12  dretinf.o(x$fpl$dretinf)
    __aeabi_drsub                            0x08006079   Thumb Code     0  daddsub_clz.o(x$fpl$drsb)
    _drsb                                    0x08006079   Thumb Code    22  daddsub_clz.o(x$fpl$drsb)
    _dsqrt                                   0x08006091   Thumb Code   404  dsqrt_umaal.o(x$fpl$dsqrt)
    __aeabi_dsub                             0x08006229   Thumb Code     0  daddsub_clz.o(x$fpl$dsub)
    _dsub                                    0x08006229   Thumb Code   464  daddsub_clz.o(x$fpl$dsub)
    __aeabi_f2d                              0x080063fd   Thumb Code     0  f2d.o(x$fpl$f2d)
    _f2d                                     0x080063fd   Thumb Code    86  f2d.o(x$fpl$f2d)
    __fpl_fnaninf                            0x08006453   Thumb Code   140  fnaninf.o(x$fpl$fnaninf)
    _fp_init                                 0x080064df   Thumb Code    10  fpinit.o(x$fpl$fpinit)
    __fplib_config_fpu_vfp                   0x080064e7   Thumb Code     0  fpinit.o(x$fpl$fpinit)
    __fplib_config_pureend_doubles           0x080064e7   Thumb Code     0  fpinit.o(x$fpl$fpinit)
    __fpl_fretinf                            0x080064e9   Thumb Code    10  fretinf.o(x$fpl$fretinf)
    AHBPrescTable                            0x080064f2   Data          16  system_stm32f4xx.o(.constdata)
    __I$use$fp                               0x080064f2   Number         0  usenofp.o(x$fpl$usenofp)
    __mathlib_zero                           0x080065f0   Data           8  qnan.o(.constdata)
    Region$$Table$$Base                      0x080065f8   Number         0  anon$$obj.o(Region$$Table)
    Region$$Table$$Limit                     0x08006618   Number         0  anon$$obj.o(Region$$Table)
    direction_decide                         0x20000000   Data           1  main.o(.data)
    flag1                                    0x20000001   Data           1  main.o(.data)
    flag2                                    0x20000002   Data           1  main.o(.data)
    oncerun1                                 0x20000003   Data           1  main.o(.data)
    circle_count                             0x20000004   Data           1  main.o(.data)
    motor1Target                             0x20000006   Data           2  main.o(.data)
    previous_position                        0x20000008   Data           2  main.o(.data)
    CAN_ID                                   0x2000000a   Data           2  main.o(.data)
    current_target                           0x2000000c   Data           2  main.o(.data)
    current_position                         0x2000000e   Data           2  main.o(.data)
    motor2Target                             0x20000010   Data           4  main.o(.data)
    timer1                                   0x20000014   Data           4  main.o(.data)
    TxMailbox                                0x20000018   Data           4  main.o(.data)
    transmitbuff                             0x2000001c   Data           4  main.o(.data)
    TxData                                   0x20000020   Data           8  main.o(.data)
    RxData                                   0x20000028   Data           8  main.o(.data)
    FS_Desc                                  0x20000030   Data          28  usbd_desc.o(.data)
    USBD_LangIDDesc                          0x2000004c   Data           4  usbd_desc.o(.data)
    USBD_FS_DeviceDesc                       0x20000050   Data          18  usbd_desc.o(.data)
    USBD_StringSerial                        0x20000064   Data          26  usbd_desc.o(.data)
    USBD_Interface_fops_FS                   0x20000080   Data          20  usbd_cdc_if.o(.data)
    uwTickFreq                               0x20000094   Data           1  stm32f4xx_hal.o(.data)
    uwTickPrio                               0x20000098   Data           4  stm32f4xx_hal.o(.data)
    uwTick                                   0x2000009c   Data           4  stm32f4xx_hal.o(.data)
    SystemCoreClock                          0x200000a0   Data           4  system_stm32f4xx.o(.data)
    USBD_CDC                                 0x200000fc   Data          56  usbd_cdc.o(.data)
    motor_pid_Cas                            0x20000134   Data         108  main.o(.bss)
    TxHeader                                 0x200001a0   Data          24  main.o(.bss)
    RxHeader                                 0x200001b8   Data          28  main.o(.bss)
    motor_info                               0x200001d4   Data          10  main.o(.bss)
    receivebuff                              0x200001de   Data          11  main.o(.bss)
    hcan1                                    0x200001ec   Data          40  can.o(.bss)
    htim1                                    0x20000214   Data          72  tim.o(.bss)
    hUsbDeviceFS                             0x2000025c   Data         732  usb_device.o(.bss)
    hpcd_USB_OTG_FS                          0x20000758   Data        1252  usbd_conf.o(.bss)
    USBD_StrDesc                             0x20000c3c   Data         512  usbd_desc.o(.bss)
    UserRxBufferFS                           0x20000e3c   Data        2048  usbd_cdc_if.o(.bss)
    UserTxBufferFS                           0x2000163c   Data        2048  usbd_cdc_if.o(.bss)
    _random_number_data                      0x20001e3c   Data         228  rand.o(.bss)
    __libspace_start                         0x20001f20   Data          96  libspace.o(.bss)
    __temporary_stack_top$libspace           0x20001f80   Data           0  libspace.o(.bss)



==============================================================================

Memory Map of the image

  Image Entry point : 0x08000189

  Load Region LR_IROM1 (Base: 0x08000000, Size: 0x0000674c, Max: 0x00100000, ABSOLUTE, COMPRESSED[0x000066d8])

    Execution Region ER_IROM1 (Exec base: 0x08000000, Load base: 0x08000000, Size: 0x00006618, Max: 0x00100000, ABSOLUTE)

    Exec Addr    Load Addr    Size         Type   Attr      Idx    E Section Name        Object

    0x08000000   0x08000000   0x00000188   Data   RO            3    RESET               startup_stm32f407xx.o
    0x08000188   0x08000188   0x00000008   Code   RO         4272  * !!!main             c_w.l(__main.o)
    0x08000190   0x08000190   0x00000034   Code   RO         4564    !!!scatter          c_w.l(__scatter.o)
    0x080001c4   0x080001c4   0x0000005a   Code   RO         4562    !!dczerorl2         c_w.l(__dczerorl2.o)
    0x0800021e   0x0800021e   0x00000002   PAD
    0x08000220   0x08000220   0x0000001c   Code   RO         4566    !!handler_zi        c_w.l(__scatter_zi.o)
    0x0800023c   0x0800023c   0x00000002   Code   RO         4486    .ARM.Collect$$libinit$$00000000  c_w.l(libinit.o)
    0x0800023e   0x0800023e   0x00000004   Code   RO         4331    .ARM.Collect$$libinit$$00000001  c_w.l(libinit2.o)
    0x08000242   0x08000242   0x00000000   Code   RO         4334    .ARM.Collect$$libinit$$00000004  c_w.l(libinit2.o)
    0x08000242   0x08000242   0x00000000   Code   RO         4337    .ARM.Collect$$libinit$$0000000A  c_w.l(libinit2.o)
    0x08000242   0x08000242   0x00000000   Code   RO         4339    .ARM.Collect$$libinit$$0000000C  c_w.l(libinit2.o)
    0x08000242   0x08000242   0x00000004   Code   RO         4340    .ARM.Collect$$libinit$$0000000D  c_w.l(libinit2.o)
    0x08000246   0x08000246   0x00000000   Code   RO         4341    .ARM.Collect$$libinit$$0000000E  c_w.l(libinit2.o)
    0x08000246   0x08000246   0x00000000   Code   RO         4344    .ARM.Collect$$libinit$$00000011  c_w.l(libinit2.o)
    0x08000246   0x08000246   0x00000000   Code   RO         4346    .ARM.Collect$$libinit$$00000013  c_w.l(libinit2.o)
    0x08000246   0x08000246   0x00000000   Code   RO         4348    .ARM.Collect$$libinit$$00000015  c_w.l(libinit2.o)
    0x08000246   0x08000246   0x00000000   Code   RO         4350    .ARM.Collect$$libinit$$00000017  c_w.l(libinit2.o)
    0x08000246   0x08000246   0x00000000   Code   RO         4352    .ARM.Collect$$libinit$$00000019  c_w.l(libinit2.o)
    0x08000246   0x08000246   0x00000000   Code   RO         4354    .ARM.Collect$$libinit$$0000001B  c_w.l(libinit2.o)
    0x08000246   0x08000246   0x00000000   Code   RO         4356    .ARM.Collect$$libinit$$0000001D  c_w.l(libinit2.o)
    0x08000246   0x08000246   0x00000000   Code   RO         4358    .ARM.Collect$$libinit$$0000001F  c_w.l(libinit2.o)
    0x08000246   0x08000246   0x00000000   Code   RO         4360    .ARM.Collect$$libinit$$00000021  c_w.l(libinit2.o)
    0x08000246   0x08000246   0x00000000   Code   RO         4362    .ARM.Collect$$libinit$$00000023  c_w.l(libinit2.o)
    0x08000246   0x08000246   0x00000000   Code   RO         4364    .ARM.Collect$$libinit$$00000025  c_w.l(libinit2.o)
    0x08000246   0x08000246   0x00000000   Code   RO         4368    .ARM.Collect$$libinit$$0000002C  c_w.l(libinit2.o)
    0x08000246   0x08000246   0x00000000   Code   RO         4370    .ARM.Collect$$libinit$$0000002E  c_w.l(libinit2.o)
    0x08000246   0x08000246   0x00000000   Code   RO         4372    .ARM.Collect$$libinit$$00000030  c_w.l(libinit2.o)
    0x08000246   0x08000246   0x00000000   Code   RO         4374    .ARM.Collect$$libinit$$00000032  c_w.l(libinit2.o)
    0x08000246   0x08000246   0x00000002   Code   RO         4375    .ARM.Collect$$libinit$$00000033  c_w.l(libinit2.o)
    0x08000248   0x08000248   0x00000002   Code   RO         4527    .ARM.Collect$$libshutdown$$00000000  c_w.l(libshutdown.o)
    0x0800024a   0x0800024a   0x00000000   Code   RO         4543    .ARM.Collect$$libshutdown$$00000002  c_w.l(libshutdown2.o)
    0x0800024a   0x0800024a   0x00000000   Code   RO         4545    .ARM.Collect$$libshutdown$$00000004  c_w.l(libshutdown2.o)
    0x0800024a   0x0800024a   0x00000000   Code   RO         4547    .ARM.Collect$$libshutdown$$00000006  c_w.l(libshutdown2.o)
    0x0800024a   0x0800024a   0x00000000   Code   RO         4550    .ARM.Collect$$libshutdown$$00000009  c_w.l(libshutdown2.o)
    0x0800024a   0x0800024a   0x00000000   Code   RO         4553    .ARM.Collect$$libshutdown$$0000000C  c_w.l(libshutdown2.o)
    0x0800024a   0x0800024a   0x00000000   Code   RO         4555    .ARM.Collect$$libshutdown$$0000000E  c_w.l(libshutdown2.o)
    0x0800024a   0x0800024a   0x00000000   Code   RO         4558    .ARM.Collect$$libshutdown$$00000011  c_w.l(libshutdown2.o)
    0x0800024a   0x0800024a   0x00000002   Code   RO         4559    .ARM.Collect$$libshutdown$$00000012  c_w.l(libshutdown2.o)
    0x0800024c   0x0800024c   0x00000000   Code   RO         4322    .ARM.Collect$$rtentry$$00000000  c_w.l(__rtentry.o)
    0x0800024c   0x0800024c   0x00000000   Code   RO         4437    .ARM.Collect$$rtentry$$00000002  c_w.l(__rtentry2.o)
    0x0800024c   0x0800024c   0x00000006   Code   RO         4449    .ARM.Collect$$rtentry$$00000004  c_w.l(__rtentry4.o)
    0x08000252   0x08000252   0x00000000   Code   RO         4439    .ARM.Collect$$rtentry$$00000009  c_w.l(__rtentry2.o)
    0x08000252   0x08000252   0x00000004   Code   RO         4440    .ARM.Collect$$rtentry$$0000000A  c_w.l(__rtentry2.o)
    0x08000256   0x08000256   0x00000000   Code   RO         4442    .ARM.Collect$$rtentry$$0000000C  c_w.l(__rtentry2.o)
    0x08000256   0x08000256   0x00000008   Code   RO         4443    .ARM.Collect$$rtentry$$0000000D  c_w.l(__rtentry2.o)
    0x0800025e   0x0800025e   0x00000002   Code   RO         4489    .ARM.Collect$$rtexit$$00000000  c_w.l(rtexit.o)
    0x08000260   0x08000260   0x00000000   Code   RO         4509    .ARM.Collect$$rtexit$$00000002  c_w.l(rtexit2.o)
    0x08000260   0x08000260   0x00000004   Code   RO         4510    .ARM.Collect$$rtexit$$00000003  c_w.l(rtexit2.o)
    0x08000264   0x08000264   0x00000006   Code   RO         4511    .ARM.Collect$$rtexit$$00000004  c_w.l(rtexit2.o)
    0x0800026a   0x0800026a   0x00000002   PAD
    0x0800026c   0x0800026c   0x00000034   Code   RO         4259    .emb_text           c_w.l(rand.o)
    0x080002a0   0x080002a0   0x00000040   Code   RO            4    .text               startup_stm32f407xx.o
    0x080002e0   0x080002e0   0x000000ee   Code   RO         4257    .text               c_w.l(lludivv7m.o)
    0x080003ce   0x080003ce   0x00000002   PAD
    0x080003d0   0x080003d0   0x0000003c   Code   RO         4260    .text               c_w.l(rand.o)
    0x0800040c   0x0800040c   0x0000008a   Code   RO         4264    .text               c_w.l(rt_memcpy_v6.o)
    0x08000496   0x08000496   0x00000044   Code   RO         4266    .text               c_w.l(rt_memclr.o)
    0x080004da   0x080004da   0x0000004e   Code   RO         4268    .text               c_w.l(rt_memclr_w.o)
    0x08000528   0x08000528   0x00000006   Code   RO         4270    .text               c_w.l(heapauxi.o)
    0x0800052e   0x0800052e   0x00000016   Code   RO         4327    .text               c_w.l(_rserrno.o)
    0x08000544   0x08000544   0x00000064   Code   RO         4329    .text               c_w.l(rt_memcpy_w.o)
    0x080005a8   0x080005a8   0x00000008   Code   RO         4456    .text               c_w.l(rt_errno_addr_intlibspace.o)
    0x080005b0   0x080005b0   0x00000008   Code   RO         4466    .text               c_w.l(libspace.o)
    0x080005b8   0x080005b8   0x0000004a   Code   RO         4469    .text               c_w.l(sys_stackheap_outer.o)
    0x08000602   0x08000602   0x00000012   Code   RO         4471    .text               c_w.l(exit.o)
    0x08000614   0x08000614   0x0000000c   Code   RO         4503    .text               c_w.l(sys_exit.o)
    0x08000620   0x08000620   0x00000002   Code   RO         4505    .text               c_w.l(use_no_semi.o)
    0x08000622   0x08000622   0x00000000   Code   RO         4507    .text               c_w.l(indicate_semi.o)
    0x08000622   0x08000622   0x00000002   Code   RO          763    i.BusFault_Handler  stm32f4xx_it.o
    0x08000624   0x08000624   0x0000000c   Code   RO          764    i.CAN1_RX0_IRQHandler  stm32f4xx_it.o
    0x08000630   0x08000630   0x00000004   Code   RO          706    i.CDC_Control_FS    usbd_cdc_if.o
    0x08000634   0x08000634   0x00000004   Code   RO          707    i.CDC_DeInit_FS     usbd_cdc_if.o
    0x08000638   0x08000638   0x00000024   Code   RO          708    i.CDC_Init_FS       usbd_cdc_if.o
    0x0800065c   0x0800065c   0x000001b4   Code   RO          709    i.CDC_Receive_FS    usbd_cdc_if.o
    0x08000810   0x08000810   0x00000004   Code   RO          710    i.CDC_TransmitCplt_FS  usbd_cdc_if.o
    0x08000814   0x08000814   0x0000002c   Code   RO          711    i.CDC_Transmit_FS   usbd_cdc_if.o
    0x08000840   0x08000840   0x00000058   Code   RO           41    i.CanTransfer       main.o
    0x08000898   0x08000898   0x00000002   Code   RO          765    i.DebugMon_Handler  stm32f4xx_it.o
    0x0800089a   0x0800089a   0x00000004   Code   RO           42    i.Error_Handler     main.o
    0x0800089e   0x0800089e   0x00000002   PAD
    0x080008a0   0x080008a0   0x0000002c   Code   RO           43    i.Gohome            main.o
    0x080008cc   0x080008cc   0x00000024   Code   RO         2611    i.HAL_CAN_ActivateNotification  stm32f4xx_hal_can.o
    0x080008f0   0x080008f0   0x000000d0   Code   RO         2612    i.HAL_CAN_AddTxMessage  stm32f4xx_hal_can.o
    0x080009c0   0x080009c0   0x0000010c   Code   RO         2613    i.HAL_CAN_ConfigFilter  stm32f4xx_hal_can.o
    0x08000acc   0x08000acc   0x00000002   Code   RO         2616    i.HAL_CAN_ErrorCallback  stm32f4xx_hal_can.o
    0x08000ace   0x08000ace   0x000000f4   Code   RO         2619    i.HAL_CAN_GetRxMessage  stm32f4xx_hal_can.o
    0x08000bc2   0x08000bc2   0x000001fc   Code   RO         2623    i.HAL_CAN_IRQHandler  stm32f4xx_hal_can.o
    0x08000dbe   0x08000dbe   0x0000011a   Code   RO         2624    i.HAL_CAN_Init      stm32f4xx_hal_can.o
    0x08000ed8   0x08000ed8   0x00000078   Code   RO          293    i.HAL_CAN_MspInit   can.o
    0x08000f50   0x08000f50   0x00000002   Code   RO         2631    i.HAL_CAN_RxFifo0FullCallback  stm32f4xx_hal_can.o
    0x08000f52   0x08000f52   0x00000002   PAD
    0x08000f54   0x08000f54   0x00000088   Code   RO           44    i.HAL_CAN_RxFifo0MsgPendingCallback  main.o
    0x08000fdc   0x08000fdc   0x00000002   Code   RO         2633    i.HAL_CAN_RxFifo1FullCallback  stm32f4xx_hal_can.o
    0x08000fde   0x08000fde   0x00000002   Code   RO         2634    i.HAL_CAN_RxFifo1MsgPendingCallback  stm32f4xx_hal_can.o
    0x08000fe0   0x08000fe0   0x00000002   Code   RO         2635    i.HAL_CAN_SleepCallback  stm32f4xx_hal_can.o
    0x08000fe2   0x08000fe2   0x00000002   PAD
    0x08000fe4   0x08000fe4   0x00000058   Code   RO         2636    i.HAL_CAN_Start     stm32f4xx_hal_can.o
    0x0800103c   0x0800103c   0x00000002   Code   RO         2638    i.HAL_CAN_TxMailbox0AbortCallback  stm32f4xx_hal_can.o
    0x0800103e   0x0800103e   0x00000002   Code   RO         2639    i.HAL_CAN_TxMailbox0CompleteCallback  stm32f4xx_hal_can.o
    0x08001040   0x08001040   0x00000002   Code   RO         2640    i.HAL_CAN_TxMailbox1AbortCallback  stm32f4xx_hal_can.o
    0x08001042   0x08001042   0x00000002   Code   RO         2641    i.HAL_CAN_TxMailbox1CompleteCallback  stm32f4xx_hal_can.o
    0x08001044   0x08001044   0x00000002   Code   RO         2642    i.HAL_CAN_TxMailbox2AbortCallback  stm32f4xx_hal_can.o
    0x08001046   0x08001046   0x00000002   Code   RO         2643    i.HAL_CAN_TxMailbox2CompleteCallback  stm32f4xx_hal_can.o
    0x08001048   0x08001048   0x00000002   Code   RO         2645    i.HAL_CAN_WakeUpFromRxMsgCallback  stm32f4xx_hal_can.o
    0x0800104a   0x0800104a   0x00000002   PAD
    0x0800104c   0x0800104c   0x00000024   Code   RO         2359    i.HAL_Delay         stm32f4xx_hal.o
    0x08001070   0x08001070   0x000001f0   Code   RO         1815    i.HAL_GPIO_Init     stm32f4xx_hal_gpio.o
    0x08001260   0x08001260   0x0000000a   Code   RO         1817    i.HAL_GPIO_ReadPin  stm32f4xx_hal_gpio.o
    0x0800126a   0x0800126a   0x00000002   PAD
    0x0800126c   0x0800126c   0x0000000c   Code   RO         2365    i.HAL_GetTick       stm32f4xx_hal.o
    0x08001278   0x08001278   0x00000010   Code   RO         2371    i.HAL_IncTick       stm32f4xx_hal.o
    0x08001288   0x08001288   0x00000034   Code   RO         2372    i.HAL_Init          stm32f4xx_hal.o
    0x080012bc   0x080012bc   0x00000040   Code   RO         2373    i.HAL_InitTick      stm32f4xx_hal.o
    0x080012fc   0x080012fc   0x00000030   Code   RO          851    i.HAL_MspInit       stm32f4xx_hal_msp.o
    0x0800132c   0x0800132c   0x0000001a   Code   RO         2207    i.HAL_NVIC_EnableIRQ  stm32f4xx_hal_cortex.o
    0x08001346   0x08001346   0x00000002   PAD
    0x08001348   0x08001348   0x00000040   Code   RO         2213    i.HAL_NVIC_SetPriority  stm32f4xx_hal_cortex.o
    0x08001388   0x08001388   0x00000024   Code   RO         2214    i.HAL_NVIC_SetPriorityGrouping  stm32f4xx_hal_cortex.o
    0x080013ac   0x080013ac   0x00000002   Code   RO         1114    i.HAL_PCDEx_LPM_Callback  stm32f4xx_hal_pcd_ex.o
    0x080013ae   0x080013ae   0x00000008   Code   RO         1115    i.HAL_PCDEx_SetRxFiFo  stm32f4xx_hal_pcd_ex.o
    0x080013b6   0x080013b6   0x00000044   Code   RO         1116    i.HAL_PCDEx_SetTxFiFo  stm32f4xx_hal_pcd_ex.o
    0x080013fa   0x080013fa   0x00000008   Code   RO          413    i.HAL_PCD_ConnectCallback  usbd_conf.o
    0x08001402   0x08001402   0x00000012   Code   RO          414    i.HAL_PCD_DataInStageCallback  usbd_conf.o
    0x08001414   0x08001414   0x00000014   Code   RO          415    i.HAL_PCD_DataOutStageCallback  usbd_conf.o
    0x08001428   0x08001428   0x00000008   Code   RO          416    i.HAL_PCD_DisconnectCallback  usbd_conf.o
    0x08001430   0x08001430   0x0000001e   Code   RO          884    i.HAL_PCD_EP_Abort  stm32f4xx_hal_pcd.o
    0x0800144e   0x0800144e   0x0000004a   Code   RO          885    i.HAL_PCD_EP_Close  stm32f4xx_hal_pcd.o
    0x08001498   0x08001498   0x0000005a   Code   RO          886    i.HAL_PCD_EP_ClrStall  stm32f4xx_hal_pcd.o
    0x080014f2   0x080014f2   0x00000012   Code   RO          888    i.HAL_PCD_EP_GetRxCount  stm32f4xx_hal_pcd.o
    0x08001504   0x08001504   0x00000062   Code   RO          889    i.HAL_PCD_EP_Open   stm32f4xx_hal_pcd.o
    0x08001566   0x08001566   0x00000038   Code   RO          890    i.HAL_PCD_EP_Receive  stm32f4xx_hal_pcd.o
    0x0800159e   0x0800159e   0x00000072   Code   RO          891    i.HAL_PCD_EP_SetStall  stm32f4xx_hal_pcd.o
    0x08001610   0x08001610   0x00000032   Code   RO          892    i.HAL_PCD_EP_Transmit  stm32f4xx_hal_pcd.o
    0x08001642   0x08001642   0x00000002   PAD
    0x08001644   0x08001644   0x0000055c   Code   RO          894    i.HAL_PCD_IRQHandler  stm32f4xx_hal_pcd.o
    0x08001ba0   0x08001ba0   0x00000008   Code   RO          417    i.HAL_PCD_ISOINIncompleteCallback  usbd_conf.o
    0x08001ba8   0x08001ba8   0x00000008   Code   RO          418    i.HAL_PCD_ISOOUTIncompleteCallback  usbd_conf.o
    0x08001bb0   0x08001bb0   0x000000cc   Code   RO          897    i.HAL_PCD_Init      stm32f4xx_hal_pcd.o
    0x08001c7c   0x08001c7c   0x00000084   Code   RO          420    i.HAL_PCD_MspInit   usbd_conf.o
    0x08001d00   0x08001d00   0x0000002c   Code   RO          421    i.HAL_PCD_ResetCallback  usbd_conf.o
    0x08001d2c   0x08001d2c   0x00000008   Code   RO          422    i.HAL_PCD_ResumeCallback  usbd_conf.o
    0x08001d34   0x08001d34   0x00000008   Code   RO          423    i.HAL_PCD_SOFCallback  usbd_conf.o
    0x08001d3c   0x08001d3c   0x00000026   Code   RO          903    i.HAL_PCD_SetAddress  stm32f4xx_hal_pcd.o
    0x08001d62   0x08001d62   0x0000000e   Code   RO          424    i.HAL_PCD_SetupStageCallback  usbd_conf.o
    0x08001d70   0x08001d70   0x00000042   Code   RO          906    i.HAL_PCD_Start     stm32f4xx_hal_pcd.o
    0x08001db2   0x08001db2   0x00000002   PAD
    0x08001db4   0x08001db4   0x00000030   Code   RO          425    i.HAL_PCD_SuspendCallback  usbd_conf.o
    0x08001de4   0x08001de4   0x00000134   Code   RO         1461    i.HAL_RCC_ClockConfig  stm32f4xx_hal_rcc.o
    0x08001f18   0x08001f18   0x0000000c   Code   RO         1466    i.HAL_RCC_GetHCLKFreq  stm32f4xx_hal_rcc.o
    0x08001f24   0x08001f24   0x00000064   Code   RO         1470    i.HAL_RCC_GetSysClockFreq  stm32f4xx_hal_rcc.o
    0x08001f88   0x08001f88   0x0000036c   Code   RO         1473    i.HAL_RCC_OscConfig  stm32f4xx_hal_rcc.o
    0x080022f4   0x080022f4   0x00000028   Code   RO         2218    i.HAL_SYSTICK_Config  stm32f4xx_hal_cortex.o
    0x0800231c   0x0800231c   0x00000054   Code   RO         3553    i.HAL_TIMEx_ConfigBreakDeadTime  stm32f4xx_hal_tim_ex.o
    0x08002370   0x08002370   0x00000090   Code   RO         3569    i.HAL_TIMEx_MasterConfigSynchronization  stm32f4xx_hal_tim_ex.o
    0x08002400   0x08002400   0x0000005a   Code   RO         2846    i.HAL_TIM_Base_Init  stm32f4xx_hal_tim.o
    0x0800245a   0x0800245a   0x00000002   PAD
    0x0800245c   0x0800245c   0x00000068   Code   RO          335    i.HAL_TIM_Base_MspInit  tim.o
    0x080024c4   0x080024c4   0x00000078   Code   RO         2849    i.HAL_TIM_Base_Start  stm32f4xx_hal_tim.o
    0x0800253c   0x0800253c   0x000000dc   Code   RO         2855    i.HAL_TIM_ConfigClockSource  stm32f4xx_hal_tim.o
    0x08002618   0x08002618   0x00000054   Code   RO          336    i.HAL_TIM_MspPostInit  tim.o
    0x0800266c   0x0800266c   0x000000cc   Code   RO         2918    i.HAL_TIM_PWM_ConfigChannel  stm32f4xx_hal_tim.o
    0x08002738   0x08002738   0x0000005a   Code   RO         2921    i.HAL_TIM_PWM_Init  stm32f4xx_hal_tim.o
    0x08002792   0x08002792   0x00000002   Code   RO         2923    i.HAL_TIM_PWM_MspInit  stm32f4xx_hal_tim.o
    0x08002794   0x08002794   0x000000c8   Code   RO         2926    i.HAL_TIM_PWM_Start  stm32f4xx_hal_tim.o
    0x0800285c   0x0800285c   0x00000002   Code   RO          766    i.HardFault_Handler  stm32f4xx_it.o
    0x0800285e   0x0800285e   0x00000002   PAD
    0x08002860   0x08002860   0x00000038   Code   RO          620    i.IntToUnicode      usbd_desc.o
    0x08002898   0x08002898   0x00000060   Code   RO          294    i.MX_CAN1_Init      can.o
    0x080028f8   0x080028f8   0x000000a8   Code   RO          268    i.MX_GPIO_Init      gpio.o
    0x080029a0   0x080029a0   0x000000d8   Code   RO          337    i.MX_TIM1_Init      tim.o
    0x08002a78   0x08002a78   0x00000054   Code   RO          382    i.MX_USB_DEVICE_Init  usb_device.o
    0x08002acc   0x08002acc   0x00000002   Code   RO          767    i.MemManage_Handler  stm32f4xx_it.o
    0x08002ace   0x08002ace   0x00000002   Code   RO          768    i.NMI_Handler       stm32f4xx_it.o
    0x08002ad0   0x08002ad0   0x0000000c   Code   RO          769    i.OTG_FS_IRQHandler  stm32f4xx_it.o
    0x08002adc   0x08002adc   0x000000cc   Code   RO          910    i.PCD_EP_OutXfrComplete_int  stm32f4xx_hal_pcd.o
    0x08002ba8   0x08002ba8   0x000000a2   Code   RO          911    i.PCD_WriteEmptyTxFifo  stm32f4xx_hal_pcd.o
    0x08002c4a   0x08002c4a   0x00000002   Code   RO          770    i.PendSV_Handler    stm32f4xx_it.o
    0x08002c4c   0x08002c4c   0x00000002   Code   RO          771    i.SVC_Handler       stm32f4xx_it.o
    0x08002c4e   0x08002c4e   0x0000000a   Code   RO         4014    i.SWAPBYTE          usbd_ctlreq.o
    0x08002c58   0x08002c58   0x00000004   Code   RO          772    i.SysTick_Handler   stm32f4xx_it.o
    0x08002c5c   0x08002c5c   0x00000094   Code   RO           45    i.SystemClock_Config  main.o
    0x08002cf0   0x08002cf0   0x00000010   Code   RO         3818    i.SystemInit        system_stm32f4xx.o
    0x08002d00   0x08002d00   0x000000d8   Code   RO         2939    i.TIM_Base_SetConfig  stm32f4xx_hal_tim.o
    0x08002dd8   0x08002dd8   0x0000001a   Code   RO         2940    i.TIM_CCxChannelCmd  stm32f4xx_hal_tim.o
    0x08002df2   0x08002df2   0x00000014   Code   RO         2950    i.TIM_ETR_SetConfig  stm32f4xx_hal_tim.o
    0x08002e06   0x08002e06   0x00000010   Code   RO         2951    i.TIM_ITRx_SetConfig  stm32f4xx_hal_tim.o
    0x08002e16   0x08002e16   0x00000002   PAD
    0x08002e18   0x08002e18   0x00000060   Code   RO         2952    i.TIM_OC1_SetConfig  stm32f4xx_hal_tim.o
    0x08002e78   0x08002e78   0x0000006c   Code   RO         2953    i.TIM_OC2_SetConfig  stm32f4xx_hal_tim.o
    0x08002ee4   0x08002ee4   0x00000068   Code   RO         2954    i.TIM_OC3_SetConfig  stm32f4xx_hal_tim.o
    0x08002f4c   0x08002f4c   0x00000050   Code   RO         2955    i.TIM_OC4_SetConfig  stm32f4xx_hal_tim.o
    0x08002f9c   0x08002f9c   0x00000022   Code   RO         2957    i.TIM_TI1_ConfigInputStage  stm32f4xx_hal_tim.o
    0x08002fbe   0x08002fbe   0x00000024   Code   RO         2959    i.TIM_TI2_ConfigInputStage  stm32f4xx_hal_tim.o
    0x08002fe2   0x08002fe2   0x00000076   Code   RO         4152    i.USBD_CDC_DataIn   usbd_cdc.o
    0x08003058   0x08003058   0x0000003c   Code   RO         4153    i.USBD_CDC_DataOut  usbd_cdc.o
    0x08003094   0x08003094   0x00000090   Code   RO         4154    i.USBD_CDC_DeInit   usbd_cdc.o
    0x08003124   0x08003124   0x00000036   Code   RO         4155    i.USBD_CDC_EP0_RxReady  usbd_cdc.o
    0x0800315a   0x0800315a   0x00000002   PAD
    0x0800315c   0x0800315c   0x0000000c   Code   RO         4156    i.USBD_CDC_GetDeviceQualifierDescriptor  usbd_cdc.o
    0x08003168   0x08003168   0x0000003c   Code   RO         4157    i.USBD_CDC_GetFSCfgDesc  usbd_cdc.o
    0x080031a4   0x080031a4   0x00000040   Code   RO         4158    i.USBD_CDC_GetHSCfgDesc  usbd_cdc.o
    0x080031e4   0x080031e4   0x0000003c   Code   RO         4159    i.USBD_CDC_GetOtherSpeedCfgDesc  usbd_cdc.o
    0x08003220   0x08003220   0x00000118   Code   RO         4160    i.USBD_CDC_Init     usbd_cdc.o
    0x08003338   0x08003338   0x00000038   Code   RO         4161    i.USBD_CDC_ReceivePacket  usbd_cdc.o
    0x08003370   0x08003370   0x00000016   Code   RO         4162    i.USBD_CDC_RegisterInterface  usbd_cdc.o
    0x08003386   0x08003386   0x0000001a   Code   RO         4163    i.USBD_CDC_SetRxBuffer  usbd_cdc.o
    0x080033a0   0x080033a0   0x0000001e   Code   RO         4164    i.USBD_CDC_SetTxBuffer  usbd_cdc.o
    0x080033be   0x080033be   0x000000d4   Code   RO         4165    i.USBD_CDC_Setup    usbd_cdc.o
    0x08003492   0x08003492   0x00000002   PAD
    0x08003494   0x08003494   0x00000050   Code   RO         4166    i.USBD_CDC_TransmitPacket  usbd_cdc.o
    0x080034e4   0x080034e4   0x00000014   Code   RO         3855    i.USBD_ClrClassConfig  usbd_core.o
    0x080034f8   0x080034f8   0x00000004   Code   RO         3856    i.USBD_CoreFindEP   usbd_core.o
    0x080034fc   0x080034fc   0x00000004   Code   RO         3857    i.USBD_CoreFindIF   usbd_core.o
    0x08003500   0x08003500   0x00000010   Code   RO         4092    i.USBD_CtlContinueRx  usbd_ioreq.o
    0x08003510   0x08003510   0x00000010   Code   RO         4093    i.USBD_CtlContinueSendData  usbd_ioreq.o
    0x08003520   0x08003520   0x00000016   Code   RO         4015    i.USBD_CtlError     usbd_ctlreq.o
    0x08003536   0x08003536   0x0000001e   Code   RO         4094    i.USBD_CtlPrepareRx  usbd_ioreq.o
    0x08003554   0x08003554   0x00000016   Code   RO         4095    i.USBD_CtlReceiveStatus  usbd_ioreq.o
    0x0800356a   0x0800356a   0x0000001a   Code   RO         4096    i.USBD_CtlSendData  usbd_ioreq.o
    0x08003584   0x08003584   0x00000016   Code   RO         4097    i.USBD_CtlSendStatus  usbd_ioreq.o
    0x0800359a   0x0800359a   0x00000002   PAD
    0x0800359c   0x0800359c   0x00000020   Code   RO          621    i.USBD_FS_ConfigStrDescriptor  usbd_desc.o
    0x080035bc   0x080035bc   0x0000000c   Code   RO          622    i.USBD_FS_DeviceDescriptor  usbd_desc.o
    0x080035c8   0x080035c8   0x00000024   Code   RO          623    i.USBD_FS_InterfaceStrDescriptor  usbd_desc.o
    0x080035ec   0x080035ec   0x0000000c   Code   RO          624    i.USBD_FS_LangIDStrDescriptor  usbd_desc.o
    0x080035f8   0x080035f8   0x00000028   Code   RO          625    i.USBD_FS_ManufacturerStrDescriptor  usbd_desc.o
    0x08003620   0x08003620   0x0000002c   Code   RO          626    i.USBD_FS_ProductStrDescriptor  usbd_desc.o
    0x0800364c   0x0800364c   0x00000038   Code   RO          627    i.USBD_FS_SerialStrDescriptor  usbd_desc.o
    0x08003684   0x08003684   0x000000e6   Code   RO         4016    i.USBD_GetDescriptor  usbd_ctlreq.o
    0x0800376a   0x0800376a   0x0000003a   Code   RO         3859    i.USBD_GetEpDesc    usbd_core.o
    0x080037a4   0x080037a4   0x00000014   Code   RO         4017    i.USBD_GetLen       usbd_ctlreq.o
    0x080037b8   0x080037b8   0x0000000e   Code   RO         3860    i.USBD_GetNextDesc  usbd_core.o
    0x080037c6   0x080037c6   0x0000004e   Code   RO         4018    i.USBD_GetString    usbd_ctlreq.o
    0x08003814   0x08003814   0x00000018   Code   RO          426    i.USBD_Get_USB_Status  usbd_conf.o
    0x0800382c   0x0800382c   0x00000026   Code   RO         3861    i.USBD_Init         usbd_core.o
    0x08003852   0x08003852   0x00000012   Code   RO          427    i.USBD_LL_ClearStallEP  usbd_conf.o
    0x08003864   0x08003864   0x00000012   Code   RO          428    i.USBD_LL_CloseEP   usbd_conf.o
    0x08003876   0x08003876   0x000000b6   Code   RO         3862    i.USBD_LL_DataInStage  usbd_core.o
    0x0800392c   0x0800392c   0x0000008e   Code   RO         3863    i.USBD_LL_DataOutStage  usbd_core.o
    0x080039ba   0x080039ba   0x00000004   Code   RO         3864    i.USBD_LL_DevConnected  usbd_core.o
    0x080039be   0x080039be   0x0000001e   Code   RO         3865    i.USBD_LL_DevDisconnected  usbd_core.o
    0x080039dc   0x080039dc   0x00000008   Code   RO          432    i.USBD_LL_GetRxDataSize  usbd_conf.o
    0x080039e4   0x080039e4   0x00000060   Code   RO          433    i.USBD_LL_Init      usbd_conf.o
    0x08003a44   0x08003a44   0x0000001e   Code   RO          434    i.USBD_LL_IsStallEP  usbd_conf.o
    0x08003a62   0x08003a62   0x00000028   Code   RO         3866    i.USBD_LL_IsoINIncomplete  usbd_core.o
    0x08003a8a   0x08003a8a   0x00000028   Code   RO         3867    i.USBD_LL_IsoOUTIncomplete  usbd_core.o
    0x08003ab2   0x08003ab2   0x00000018   Code   RO          435    i.USBD_LL_OpenEP    usbd_conf.o
    0x08003aca   0x08003aca   0x00000012   Code   RO          436    i.USBD_LL_PrepareReceive  usbd_conf.o
    0x08003adc   0x08003adc   0x0000005c   Code   RO         3868    i.USBD_LL_Reset     usbd_core.o
    0x08003b38   0x08003b38   0x00000014   Code   RO         3869    i.USBD_LL_Resume    usbd_core.o
    0x08003b4c   0x08003b4c   0x0000001a   Code   RO         3870    i.USBD_LL_SOF       usbd_core.o
    0x08003b66   0x08003b66   0x00000006   Code   RO         3871    i.USBD_LL_SetSpeed  usbd_core.o
    0x08003b6c   0x08003b6c   0x00000012   Code   RO          437    i.USBD_LL_SetUSBAddress  usbd_conf.o
    0x08003b7e   0x08003b7e   0x00000060   Code   RO         3872    i.USBD_LL_SetupStage  usbd_core.o
    0x08003bde   0x08003bde   0x00000012   Code   RO          438    i.USBD_LL_StallEP   usbd_conf.o
    0x08003bf0   0x08003bf0   0x00000012   Code   RO          439    i.USBD_LL_Start     usbd_conf.o
    0x08003c02   0x08003c02   0x0000001a   Code   RO         3873    i.USBD_LL_Suspend   usbd_core.o
    0x08003c1c   0x08003c1c   0x00000012   Code   RO          441    i.USBD_LL_Transmit  usbd_conf.o
    0x08003c2e   0x08003c2e   0x0000002c   Code   RO         4019    i.USBD_ParseSetupRequest  usbd_ctlreq.o
    0x08003c5a   0x08003c5a   0x0000003a   Code   RO         3874    i.USBD_RegisterClass  usbd_core.o
    0x08003c94   0x08003c94   0x00000014   Code   RO         3876    i.USBD_SetClassConfig  usbd_core.o
    0x08003ca8   0x08003ca8   0x000000b8   Code   RO         4020    i.USBD_SetConfig    usbd_ctlreq.o
    0x08003d60   0x08003d60   0x00000004   Code   RO         3877    i.USBD_Start        usbd_core.o
    0x08003d64   0x08003d64   0x0000012c   Code   RO         4021    i.USBD_StdDevReq    usbd_ctlreq.o
    0x08003e90   0x08003e90   0x00000160   Code   RO         4022    i.USBD_StdEPReq     usbd_ctlreq.o
    0x08003ff0   0x08003ff0   0x00000072   Code   RO         4023    i.USBD_StdItfReq    usbd_ctlreq.o
    0x08004062   0x08004062   0x00000002   Code   RO          442    i.USBD_static_free  usbd_conf.o
    0x08004064   0x08004064   0x00000008   Code   RO          443    i.USBD_static_malloc  usbd_conf.o
    0x0800406c   0x0800406c   0x00000080   Code   RO         1156    i.USB_ActivateEndpoint  stm32f4xx_ll_usb.o
    0x080040ec   0x080040ec   0x0000001c   Code   RO         1158    i.USB_ActivateSetup  stm32f4xx_ll_usb.o
    0x08004108   0x08004108   0x00000084   Code   RO         1160    i.USB_CoreInit      stm32f4xx_ll_usb.o
    0x0800418c   0x0800418c   0x0000003c   Code   RO         1161    i.USB_CoreReset     stm32f4xx_ll_usb.o
    0x080041c8   0x080041c8   0x000000cc   Code   RO         1164    i.USB_DeactivateEndpoint  stm32f4xx_ll_usb.o
    0x08004294   0x08004294   0x0000001c   Code   RO         1165    i.USB_DevConnect    stm32f4xx_ll_usb.o
    0x080042b0   0x080042b0   0x0000001c   Code   RO         1166    i.USB_DevDisconnect  stm32f4xx_ll_usb.o
    0x080042cc   0x080042cc   0x0000017c   Code   RO         1167    i.USB_DevInit       stm32f4xx_ll_usb.o
    0x08004448   0x08004448   0x0000000c   Code   RO         1168    i.USB_DisableGlobalInt  stm32f4xx_ll_usb.o
    0x08004454   0x08004454   0x00000058   Code   RO         1171    i.USB_EP0_OutStart  stm32f4xx_ll_usb.o
    0x080044ac   0x080044ac   0x00000058   Code   RO         1172    i.USB_EPClearStall  stm32f4xx_ll_usb.o
    0x08004504   0x08004504   0x00000058   Code   RO         1173    i.USB_EPSetStall    stm32f4xx_ll_usb.o
    0x0800455c   0x0800455c   0x00000238   Code   RO         1174    i.USB_EPStartXfer   stm32f4xx_ll_usb.o
    0x08004794   0x08004794   0x0000009e   Code   RO         1175    i.USB_EPStopXfer    stm32f4xx_ll_usb.o
    0x08004832   0x08004832   0x0000000c   Code   RO         1176    i.USB_EnableGlobalInt  stm32f4xx_ll_usb.o
    0x0800483e   0x0800483e   0x00000038   Code   RO         1177    i.USB_FlushRxFifo   stm32f4xx_ll_usb.o
    0x08004876   0x08004876   0x0000003c   Code   RO         1178    i.USB_FlushTxFifo   stm32f4xx_ll_usb.o
    0x080048b2   0x080048b2   0x0000001a   Code   RO         1180    i.USB_GetDevSpeed   stm32f4xx_ll_usb.o
    0x080048cc   0x080048cc   0x00000008   Code   RO         1182    i.USB_GetMode       stm32f4xx_ll_usb.o
    0x080048d4   0x080048d4   0x0000000e   Code   RO         1190    i.USB_ReadDevAllInEpInterrupt  stm32f4xx_ll_usb.o
    0x080048e2   0x080048e2   0x0000000e   Code   RO         1191    i.USB_ReadDevAllOutEpInterrupt  stm32f4xx_ll_usb.o
    0x080048f0   0x080048f0   0x00000024   Code   RO         1192    i.USB_ReadDevInEPInterrupt  stm32f4xx_ll_usb.o
    0x08004914   0x08004914   0x00000010   Code   RO         1193    i.USB_ReadDevOutEPInterrupt  stm32f4xx_ll_usb.o
    0x08004924   0x08004924   0x00000008   Code   RO         1194    i.USB_ReadInterrupts  stm32f4xx_ll_usb.o
    0x0800492c   0x0800492c   0x0000003e   Code   RO         1195    i.USB_ReadPacket    stm32f4xx_ll_usb.o
    0x0800496a   0x0800496a   0x0000005c   Code   RO         1197    i.USB_SetCurrentMode  stm32f4xx_ll_usb.o
    0x080049c6   0x080049c6   0x00000022   Code   RO         1198    i.USB_SetDevAddress  stm32f4xx_ll_usb.o
    0x080049e8   0x080049e8   0x000000e8   Code   RO         1200    i.USB_SetTurnaroundTime  stm32f4xx_ll_usb.o
    0x08004ad0   0x08004ad0   0x00000028   Code   RO         1203    i.USB_WritePacket   stm32f4xx_ll_usb.o
    0x08004af8   0x08004af8   0x00000002   Code   RO          773    i.UsageFault_Handler  stm32f4xx_it.o
    0x08004afa   0x08004afa   0x00000030   Code   RO         4464    i.__ARM_fpclassify  m_wm.l(fpclassify.o)
    0x08004b2a   0x08004b2a   0x00000020   Code   RO         2220    i.__NVIC_SetPriority  stm32f4xx_hal_cortex.o
    0x08004b4a   0x08004b4a   0x00000006   PAD
    0x08004b50   0x08004b50   0x00000358   Code   RO         4284    i.__hardfp_acos     m_wm.l(acos.o)
    0x08004ea8   0x08004ea8   0x000002d8   Code   RO         4399    i.__hardfp_atan     m_wm.l(atan.o)
    0x08005180   0x08005180   0x00000200   Code   RO         4298    i.__hardfp_atan2    m_wm.l(atan2.o)
    0x08005380   0x08005380   0x0000007a   Code   RO         4310    i.__hardfp_sqrt     m_wm.l(sqrt.o)
    0x080053fa   0x080053fa   0x000000f8   Code   RO         4433    i.__kernel_poly     m_wm.l(poly.o)
    0x080054f2   0x080054f2   0x00000014   Code   RO         4414    i.__mathlib_dbl_infnan  m_wm.l(dunder.o)
    0x08005506   0x08005506   0x00000014   Code   RO         4415    i.__mathlib_dbl_infnan2  m_wm.l(dunder.o)
    0x0800551a   0x0800551a   0x00000006   PAD
    0x08005520   0x08005520   0x00000020   Code   RO         4416    i.__mathlib_dbl_invalid  m_wm.l(dunder.o)
    0x08005540   0x08005540   0x00000020   Code   RO         4419    i.__mathlib_dbl_underflow  m_wm.l(dunder.o)
    0x08005560   0x08005560   0x00000010   Code   RO         4401    i.atan              m_wm.l(atan.o)
    0x08005570   0x08005570   0x00000020   Code   RO           46    i.canCRC_ATM        main.o
    0x08005590   0x08005590   0x00000018   Code   RO         4429    i.fabs              m_wm.l(fabs.o)
    0x080055a8   0x080055a8   0x000002ac   Code   RO           47    i.main              main.o
    0x08005854   0x08005854   0x00000026   Code   RO           10    i.pid_CascadeCalc   pid.o
    0x0800587a   0x0800587a   0x00000052   Code   RO           11    i.pid_calc          pid.o
    0x080058cc   0x080058cc   0x00000006   Code   RO           12    i.pid_init          pid.o
    0x080058d2   0x080058d2   0x00000002   PAD
    0x080058d4   0x080058d4   0x0000002c   Code   RO           48    i.positionMode3Run  main.o
    0x08005900   0x08005900   0x0000006e   Code   RO         4312    i.sqrt              m_wm.l(sqrt.o)
    0x0800596e   0x0800596e   0x00000018   Code   RO         4376    x$fpl$basic         fz_wm.l(basic.o)
    0x08005986   0x08005986   0x00000002   PAD
    0x08005988   0x08005988   0x00000062   Code   RO         4274    x$fpl$d2f           fz_wm.l(d2f.o)
    0x080059ea   0x080059ea   0x00000002   PAD
    0x080059ec   0x080059ec   0x00000150   Code   RO         4378    x$fpl$dadd          fz_wm.l(daddsub_clz.o)
    0x08005b3c   0x08005b3c   0x00000018   Code   RO         4460    x$fpl$dcmpinf       fz_wm.l(dcmpi.o)
    0x08005b54   0x08005b54   0x000002b0   Code   RO         4277    x$fpl$ddiv          fz_wm.l(ddiv.o)
    0x08005e04   0x08005e04   0x00000078   Code   RO         4384    x$fpl$deqf          fz_wm.l(deqf.o)
    0x08005e7c   0x08005e7c   0x00000154   Code   RO         4280    x$fpl$dmul          fz_wm.l(dmul.o)
    0x08005fd0   0x08005fd0   0x0000009c   Code   RO         4388    x$fpl$dnaninf       fz_wm.l(dnaninf.o)
    0x0800606c   0x0800606c   0x0000000c   Code   RO         4390    x$fpl$dretinf       fz_wm.l(dretinf.o)
    0x08006078   0x08006078   0x00000016   Code   RO         4379    x$fpl$drsb          fz_wm.l(daddsub_clz.o)
    0x0800608e   0x0800608e   0x00000002   PAD
    0x08006090   0x08006090   0x00000198   Code   RO         4392    x$fpl$dsqrt         fz_wm.l(dsqrt_umaal.o)
    0x08006228   0x08006228   0x000001d4   Code   RO         4380    x$fpl$dsub          fz_wm.l(daddsub_clz.o)
    0x080063fc   0x080063fc   0x00000056   Code   RO         4282    x$fpl$f2d           fz_wm.l(f2d.o)
    0x08006452   0x08006452   0x0000008c   Code   RO         4394    x$fpl$fnaninf       fz_wm.l(fnaninf.o)
    0x080064de   0x080064de   0x0000000a   Code   RO         4462    x$fpl$fpinit        fz_wm.l(fpinit.o)
    0x080064e8   0x080064e8   0x0000000a   Code   RO         4396    x$fpl$fretinf       fz_wm.l(fretinf.o)
    0x080064f2   0x080064f2   0x00000000   Code   RO         4398    x$fpl$usenofp       fz_wm.l(usenofp.o)
    0x080064f2   0x080064f2   0x00000010   Data   RO         3819    .constdata          system_stm32f4xx.o
    0x08006502   0x08006502   0x00000006   PAD
    0x08006508   0x08006508   0x00000050   Data   RO         4287    .constdata          m_wm.l(acos.o)
    0x08006558   0x08006558   0x00000098   Data   RO         4402    .constdata          m_wm.l(atan.o)
    0x080065f0   0x080065f0   0x00000008   Data   RO         4435    .constdata          m_wm.l(qnan.o)
    0x080065f8   0x080065f8   0x00000020   Data   RO         4560    Region$$Table       anon$$obj.o


    Execution Region RW_IRAM1 (Exec base: 0x20000000, Load base: 0x08006618, Size: 0x00002580, Max: 0x0001c000, ABSOLUTE, COMPRESSED[0x000000c0])

    Exec Addr    Load Addr    Size         Type   Attr      Idx    E Section Name        Object

    0x20000000   COMPRESSED   0x00000030   Data   RW           52    .data               main.o
    0x20000030   COMPRESSED   0x0000001c   Data   RW          629    .data               usbd_desc.o
    0x2000004c   COMPRESSED   0x00000032   Data   RW          630    .data               usbd_desc.o
    0x2000007e   COMPRESSED   0x00000002   PAD
    0x20000080   COMPRESSED   0x00000014   Data   RW          713    .data               usbd_cdc_if.o
    0x20000094   COMPRESSED   0x0000000c   Data   RW         2379    .data               stm32f4xx_hal.o
    0x200000a0   COMPRESSED   0x00000004   Data   RW         3821    .data               system_stm32f4xx.o
    0x200000a4   COMPRESSED   0x00000001   Data   RW         4024    .data               usbd_ctlreq.o
    0x200000a5   COMPRESSED   0x00000003   PAD
    0x200000a8   COMPRESSED   0x00000053   Data   RW         4167    .data               usbd_cdc.o
    0x200000fb   COMPRESSED   0x00000001   PAD
    0x200000fc   COMPRESSED   0x00000038   Data   RW         4168    .data               usbd_cdc.o
    0x20000134        -       0x000000aa   Zero   RW           50    .bss                main.o
    0x200001de        -       0x0000000b   Zero   RW           51    .bss                main.o
    0x200001e9   COMPRESSED   0x00000003   PAD
    0x200001ec        -       0x00000028   Zero   RW          295    .bss                can.o
    0x20000214        -       0x00000048   Zero   RW          338    .bss                tim.o
    0x2000025c        -       0x000002dc   Zero   RW          383    .bss                usb_device.o
    0x20000538        -       0x00000704   Zero   RW          444    .bss                usbd_conf.o
    0x20000c3c        -       0x00000200   Zero   RW          628    .bss                usbd_desc.o
    0x20000e3c        -       0x00001000   Zero   RW          712    .bss                usbd_cdc_if.o
    0x20001e3c        -       0x000000e4   Zero   RW         4261    .bss                c_w.l(rand.o)
    0x20001f20        -       0x00000060   Zero   RW         4467    .bss                c_w.l(libspace.o)
    0x20001f80        -       0x00000200   Zero   RW            2    HEAP                startup_stm32f407xx.o
    0x20002180        -       0x00000400   Zero   RW            1    STACK               startup_stm32f407xx.o


    Execution Region RW_IRAM2 (Exec base: 0x2001c000, Load base: 0x080066d8, Size: 0x00000000, Max: 0x00004000, ABSOLUTE)

    **** No section assigned to this execution region ****


==============================================================================

Image component sizes


      Code (inc. data)   RO Data    RW Data    ZI Data      Debug   Object Name

       216         22          0          0         40       1737   can.o
       168         14          0          0          0       1007   gpio.o
      1180         96          0         48        181     713748   main.o
       126          0          0          0          0       4228   pid.o
        64         26        392          0       1536        848   startup_stm32f407xx.o
       180         28          0         12          0       9433   stm32f4xx_hal.o
      1658          6          0          0          0      14387   stm32f4xx_hal_can.o
       198         14          0          0          0      33847   stm32f4xx_hal_cortex.o
       506         46          0          0          0       2203   stm32f4xx_hal_gpio.o
        48          6          0          0          0        838   stm32f4xx_hal_msp.o
      2576         12          0          0          0      13616   stm32f4xx_hal_pcd.o
        78          0          0          0          0       2417   stm32f4xx_hal_pcd_ex.o
      1296         58          0          0          0       4550   stm32f4xx_hal_rcc.o
      1662        140          0          0          0      13829   stm32f4xx_hal_tim.o
       228         28          0          0          0       2208   stm32f4xx_hal_tim_ex.o
        44         12          0          0          0       5048   stm32f4xx_it.o
      2700        116          0          0          0      23372   stm32f4xx_ll_usb.o
        16          4         16          4          0       1119   system_stm32f4xx.o
       404         32          0          0         72       2544   tim.o
        84         18          0          0        732        784   usb_device.o
      1278         36          0        139          0      14473   usbd_cdc.o
       528         92          0         20       4096       4612   usbd_cdc_if.o
       642         24          0          0       1796      16076   usbd_conf.o
       924          0          0          0          0      15551   usbd_core.o
      1354         28          0          1          0      15348   usbd_ctlreq.o
       288        104          0         78        512       5957   usbd_desc.o
       132          0          0          0          0       4556   usbd_ioreq.o

    ----------------------------------------------------------------------
     18614        962        446        308       8968     928336   Object Totals
         0          0         32          0          0          0   (incl. Generated)
        36          0          6          6          3          0   (incl. Padding)

    ----------------------------------------------------------------------

      Code (inc. data)   RO Data    RW Data    ZI Data      Debug   Library Member Name

        90          0          0          0          0          0   __dczerorl2.o
         8          0          0          0          0         68   __main.o
         0          0          0          0          0          0   __rtentry.o
        12          0          0          0          0          0   __rtentry2.o
         6          0          0          0          0          0   __rtentry4.o
        52          8          0          0          0          0   __scatter.o
        28          0          0          0          0          0   __scatter_zi.o
        22          0          0          0          0        100   _rserrno.o
        18          0          0          0          0         80   exit.o
         6          0          0          0          0        152   heapauxi.o
         0          0          0          0          0          0   indicate_semi.o
         2          0          0          0          0          0   libinit.o
        10          0          0          0          0          0   libinit2.o
         2          0          0          0          0          0   libshutdown.o
         2          0          0          0          0          0   libshutdown2.o
         8          4          0          0         96         68   libspace.o
       238          0          0          0          0        100   lludivv7m.o
       112         18          0          0        228        160   rand.o
         8          4          0          0          0         68   rt_errno_addr_intlibspace.o
        68          0          0          0          0         68   rt_memclr.o
        78          0          0          0          0         80   rt_memclr_w.o
       138          0          0          0          0         68   rt_memcpy_v6.o
       100          0          0          0          0         80   rt_memcpy_w.o
         2          0          0          0          0          0   rtexit.o
        10          0          0          0          0          0   rtexit2.o
        12          4          0          0          0         68   sys_exit.o
        74          0          0          0          0         80   sys_stackheap_outer.o
         2          0          0          0          0         68   use_no_semi.o
        24          0          0          0          0        164   basic.o
        98          4          0          0          0        140   d2f.o
       826         16          0          0          0        492   daddsub_clz.o
        24          0          0          0          0        116   dcmpi.o
       688        140          0          0          0        256   ddiv.o
       120          4          0          0          0        140   deqf.o
       340         12          0          0          0        152   dmul.o
       156          4          0          0          0        140   dnaninf.o
        12          0          0          0          0        116   dretinf.o
       408         56          0          0          0        168   dsqrt_umaal.o
        86          4          0          0          0        132   f2d.o
       140          4          0          0          0        132   fnaninf.o
        10          0          0          0          0        116   fpinit.o
        10          0          0          0          0        116   fretinf.o
         0          0          0          0          0          0   usenofp.o
       856        118         80          0          0        288   acos.o
       744        106        152          0          0        352   atan.o
       512         64          0          0          0        208   atan2.o
       104         16          0          0          0        496   dunder.o
        24          0          0          0          0        124   fabs.o
        48          0          0          0          0        124   fpclassify.o
       248          0          0          0          0        152   poly.o
         0          0          8          0          0          0   qnan.o
       232          0          0          0          0        296   sqrt.o

    ----------------------------------------------------------------------
      6836        586        240          0        324       5728   Library Totals
        18          0          0          0          0          0   (incl. Padding)

    ----------------------------------------------------------------------

      Code (inc. data)   RO Data    RW Data    ZI Data      Debug   Library Name

      1108         38          0          0        324       1308   c_w.l
      2942        244          0          0          0       2380   fz_wm.l
      2768        304        240          0          0       2040   m_wm.l

    ----------------------------------------------------------------------
      6836        586        240          0        324       5728   Library Totals

    ----------------------------------------------------------------------

==============================================================================


      Code (inc. data)   RO Data    RW Data    ZI Data      Debug   

     25450       1548        686        308       9292     909340   Grand Totals
     25450       1548        686        192       9292     909340   ELF Image Totals (compressed)
     25450       1548        686        192          0          0   ROM Totals

==============================================================================

    Total RO  Size (Code + RO Data)                26136 (  25.52kB)
    Total RW  Size (RW Data + ZI Data)              9600 (   9.38kB)
    Total ROM Size (Code + RO Data + RW Data)      26328 (  25.71kB)

==============================================================================

